main.c:88:6:HAL_TIM_PeriodElapsedCallback	16	static
main.c:91:6:HAL_UART_RxCpltCallback	16	static
main.c:96:6:watchdog_init	4	static,ignoring_inline_asm
main.c:108:6:watchdog_clear	4	static
main.c:112:6:transmit_data	16	static
main.c:127:6:process_received_data	16	static
main.c:142:6:determine_mode	4	static
main.c:151:6:automatic_servo_positioning	16	static
main.c:165:6:process_servo	8	static
main.c:192:5:main	16	static
main.c:260:6:SystemClock_Config	88	static
main.c:304:13:MX_ADC1_Init	24	static
main.c:370:13:MX_TIM4_Init	64	static
main.c:429:13:MX_TIM10_Init	8	static
main.c:460:13:MX_USART2_UART_Init	8	static
main.c:491:13:MX_DMA_Init	16	static
main.c:513:13:MX_GPIO_Init	64	static
main.c:757:6:Error_Handler	4	static,ignoring_inline_asm
