main.c:90:6:HAL_TIM_PeriodElapsedCallback	16	static
main.c:93:7:HAL_UART_RxCpltCallback	16	static
main.c:109:5:main	24	static,ignoring_inline_asm
main.c:264:6:SystemClock_Config	104	static
main.c:316:13:MX_ADC1_Init	24	static
main.c:382:13:MX_I2C1_Init	8	static
main.c:416:13:MX_I2S3_Init	8	static
main.c:450:13:MX_SPI1_Init	8	static
main.c:488:13:MX_TIM4_Init	64	static
main.c:547:13:MX_TIM10_Init	8	static
main.c:578:13:MX_USART2_UART_Init	8	static
main.c:609:13:MX_DMA_Init	16	static
main.c:631:13:MX_GPIO_Init	56	static
main.c:723:6:Error_Handler	4	static,ignoring_inline_asm
