main.c:90:6:HAL_TIM_PeriodElapsedCallback	16	static
main.c:93:7:HAL_UART_RxCpltCallback	16	static
main.c:109:5:main	24	static
main.c:243:6:SystemClock_Config	104	static
main.c:295:13:MX_ADC1_Init	24	static
main.c:361:13:MX_I2C1_Init	8	static
main.c:395:13:MX_I2S3_Init	8	static
main.c:429:13:MX_SPI1_Init	8	static
main.c:467:13:MX_TIM4_Init	64	static
main.c:526:13:MX_TIM10_Init	8	static
main.c:557:13:MX_USART2_UART_Init	8	static
main.c:588:13:MX_DMA_Init	16	static
main.c:610:13:MX_GPIO_Init	56	static
main.c:702:6:Error_Handler	4	static,ignoring_inline_asm
