Archive member included to satisfy reference by file (symbol)

c:/st/stm32cubeide_1.5.0/stm32cubeide/plugins/com.st.stm32cube.ide.mcu.externaltools.gnu-tools-for-stm32.7-2018-q2-update.win32_1.5.0.202011040924/tools/bin/../lib/gcc/arm-none-eabi/7.3.1/../../../../arm-none-eabi/lib/thumb/v7e-m/fpv4-sp/hard\libc_nano.a(lib_a-atoi.o)
                              Core/Src/main.o (atoi)
c:/st/stm32cubeide_1.5.0/stm32cubeide/plugins/com.st.stm32cube.ide.mcu.externaltools.gnu-tools-for-stm32.7-2018-q2-update.win32_1.5.0.202011040924/tools/bin/../lib/gcc/arm-none-eabi/7.3.1/../../../../arm-none-eabi/lib/thumb/v7e-m/fpv4-sp/hard\libc_nano.a(lib_a-errno.o)
                              Core/Src/syscalls.o (__errno)
c:/st/stm32cubeide_1.5.0/stm32cubeide/plugins/com.st.stm32cube.ide.mcu.externaltools.gnu-tools-for-stm32.7-2018-q2-update.win32_1.5.0.202011040924/tools/bin/../lib/gcc/arm-none-eabi/7.3.1/../../../../arm-none-eabi/lib/thumb/v7e-m/fpv4-sp/hard\libc_nano.a(lib_a-exit.o)
                              c:/st/stm32cubeide_1.5.0/stm32cubeide/plugins/com.st.stm32cube.ide.mcu.externaltools.gnu-tools-for-stm32.7-2018-q2-update.win32_1.5.0.202011040924/tools/bin/../lib/gcc/arm-none-eabi/7.3.1/../../../../arm-none-eabi/lib/thumb/v7e-m/fpv4-sp/hard/crt0.o (exit)
c:/st/stm32cubeide_1.5.0/stm32cubeide/plugins/com.st.stm32cube.ide.mcu.externaltools.gnu-tools-for-stm32.7-2018-q2-update.win32_1.5.0.202011040924/tools/bin/../lib/gcc/arm-none-eabi/7.3.1/../../../../arm-none-eabi/lib/thumb/v7e-m/fpv4-sp/hard\libc_nano.a(lib_a-impure.o)
                              c:/st/stm32cubeide_1.5.0/stm32cubeide/plugins/com.st.stm32cube.ide.mcu.externaltools.gnu-tools-for-stm32.7-2018-q2-update.win32_1.5.0.202011040924/tools/bin/../lib/gcc/arm-none-eabi/7.3.1/../../../../arm-none-eabi/lib/thumb/v7e-m/fpv4-sp/hard\libc_nano.a(lib_a-exit.o) (_global_impure_ptr)
c:/st/stm32cubeide_1.5.0/stm32cubeide/plugins/com.st.stm32cube.ide.mcu.externaltools.gnu-tools-for-stm32.7-2018-q2-update.win32_1.5.0.202011040924/tools/bin/../lib/gcc/arm-none-eabi/7.3.1/../../../../arm-none-eabi/lib/thumb/v7e-m/fpv4-sp/hard\libc_nano.a(lib_a-init.o)
                              c:/st/stm32cubeide_1.5.0/stm32cubeide/plugins/com.st.stm32cube.ide.mcu.externaltools.gnu-tools-for-stm32.7-2018-q2-update.win32_1.5.0.202011040924/tools/bin/../lib/gcc/arm-none-eabi/7.3.1/../../../../arm-none-eabi/lib/thumb/v7e-m/fpv4-sp/hard/crt0.o (__libc_init_array)
c:/st/stm32cubeide_1.5.0/stm32cubeide/plugins/com.st.stm32cube.ide.mcu.externaltools.gnu-tools-for-stm32.7-2018-q2-update.win32_1.5.0.202011040924/tools/bin/../lib/gcc/arm-none-eabi/7.3.1/../../../../arm-none-eabi/lib/thumb/v7e-m/fpv4-sp/hard\libc_nano.a(lib_a-malloc.o)
                              Middlewares/ST/STM32_USB_Host_Library/Class/CDC/Src/usbh_cdc.o (malloc)
c:/st/stm32cubeide_1.5.0/stm32cubeide/plugins/com.st.stm32cube.ide.mcu.externaltools.gnu-tools-for-stm32.7-2018-q2-update.win32_1.5.0.202011040924/tools/bin/../lib/gcc/arm-none-eabi/7.3.1/../../../../arm-none-eabi/lib/thumb/v7e-m/fpv4-sp/hard\libc_nano.a(lib_a-memset.o)
                              c:/st/stm32cubeide_1.5.0/stm32cubeide/plugins/com.st.stm32cube.ide.mcu.externaltools.gnu-tools-for-stm32.7-2018-q2-update.win32_1.5.0.202011040924/tools/bin/../lib/gcc/arm-none-eabi/7.3.1/../../../../arm-none-eabi/lib/thumb/v7e-m/fpv4-sp/hard/crt0.o (memset)
c:/st/stm32cubeide_1.5.0/stm32cubeide/plugins/com.st.stm32cube.ide.mcu.externaltools.gnu-tools-for-stm32.7-2018-q2-update.win32_1.5.0.202011040924/tools/bin/../lib/gcc/arm-none-eabi/7.3.1/../../../../arm-none-eabi/lib/thumb/v7e-m/fpv4-sp/hard\libc_nano.a(lib_a-nano-freer.o)
                              c:/st/stm32cubeide_1.5.0/stm32cubeide/plugins/com.st.stm32cube.ide.mcu.externaltools.gnu-tools-for-stm32.7-2018-q2-update.win32_1.5.0.202011040924/tools/bin/../lib/gcc/arm-none-eabi/7.3.1/../../../../arm-none-eabi/lib/thumb/v7e-m/fpv4-sp/hard\libc_nano.a(lib_a-malloc.o) (_free_r)
c:/st/stm32cubeide_1.5.0/stm32cubeide/plugins/com.st.stm32cube.ide.mcu.externaltools.gnu-tools-for-stm32.7-2018-q2-update.win32_1.5.0.202011040924/tools/bin/../lib/gcc/arm-none-eabi/7.3.1/../../../../arm-none-eabi/lib/thumb/v7e-m/fpv4-sp/hard\libc_nano.a(lib_a-nano-mallocr.o)
                              c:/st/stm32cubeide_1.5.0/stm32cubeide/plugins/com.st.stm32cube.ide.mcu.externaltools.gnu-tools-for-stm32.7-2018-q2-update.win32_1.5.0.202011040924/tools/bin/../lib/gcc/arm-none-eabi/7.3.1/../../../../arm-none-eabi/lib/thumb/v7e-m/fpv4-sp/hard\libc_nano.a(lib_a-malloc.o) (_malloc_r)
c:/st/stm32cubeide_1.5.0/stm32cubeide/plugins/com.st.stm32cube.ide.mcu.externaltools.gnu-tools-for-stm32.7-2018-q2-update.win32_1.5.0.202011040924/tools/bin/../lib/gcc/arm-none-eabi/7.3.1/../../../../arm-none-eabi/lib/thumb/v7e-m/fpv4-sp/hard\libc_nano.a(lib_a-sbrkr.o)
[...]
Memory Configuration

Name             Origin             Length             Attributes
CCMRAM           0x0000000010000000 0x0000000000010000 xrw
RAM              0x0000000020000000 0x0000000000020000 xrw
FLASH            0x0000000008000000 0x0000000000100000 xr
*default*        0x0000000000000000 0xffffffffffffffff

Linker script and memory map

LOAD c:/st/stm32cubeide_1.5.0/stm32cubeide/plugins/com.st.stm32cube.ide.mcu.externaltools.gnu-tools-for-stm32.7-2018-q2-update.win32_1.5.0.202011040924/tools/bin/../lib/gcc/arm-none-eabi/7.3.1/thumb/v7e-m/fpv4-sp/hard/crti.o
LOAD c:/st/stm32cubeide_1.5.0/stm32cubeide/plugins/com.st.stm32cube.ide.mcu.externaltools.gnu-tools-for-stm32.7-2018-q2-update.win32_1.5.0.202011040924/tools/bin/../lib/gcc/arm-none-eabi/7.3.1/thumb/v7e-m/fpv4-sp/hard/crtbegin.o
LOAD c:/st/stm32cubeide_1.5.0/stm32cubeide/plugins/com.st.stm32cube.ide.mcu.externaltools.gnu-tools-for-stm32.7-2018-q2-update.win32_1.5.0.202011040924/tools/bin/../lib/gcc/arm-none-eabi/7.3.1/../../../../arm-none-eabi/lib/thumb/v7e-m/fpv4-sp/hard/crt0.o
LOAD Core/Src/main.o
LOAD Core/Src/stm32f4xx_hal_msp.o
LOAD Core/Src/stm32f4xx_it.o
LOAD Core/Src/syscalls.o
LOAD Core/Src/sysmem.o
LOAD Core/Src/system_stm32f4xx.o
LOAD Core/Startup/startup_stm32f407vgtx.o
LOAD Drivers/STM32F4xx_HAL_Driver/Src/stm32f4xx_hal.o
LOAD Drivers/STM32F4xx_HAL_Driver/Src/stm32f4xx_hal_adc.o
LOAD Drivers/STM32F4xx_HAL_Driver/Src/stm32f4xx_hal_adc_ex.o
LOAD Drivers/STM32F4xx_HAL_Driver/Src/stm32f4xx_hal_cortex.o
LOAD Drivers/STM32F4xx_HAL_Driver/Src/stm32f4xx_hal_dma.o
LOAD Drivers/STM32F4xx_HAL_Driver/Src/stm32f4xx_hal_dma_ex.o
LOAD Drivers/STM32F4xx_HAL_Driver/Src/stm32f4xx_hal_exti.o
LOAD Drivers/STM32F4xx_HAL_Driver/Src/stm32f4xx_hal_flash.o
LOAD Drivers/STM32F4xx_HAL_Driver/Src/stm32f4xx_hal_flash_ex.o
LOAD Drivers/STM32F4xx_HAL_Driver/Src/stm32f4xx_hal_flash_ramfunc.o
LOAD Drivers/STM32F4xx_HAL_Driver/Src/stm32f4xx_hal_gpio.o
LOAD Drivers/STM32F4xx_HAL_Driver/Src/stm32f4xx_hal_hcd.o
LOAD Drivers/STM32F4xx_HAL_Driver/Src/stm32f4xx_hal_i2c.o
LOAD Drivers/STM32F4xx_HAL_Driver/Src/stm32f4xx_hal_i2c_ex.o
LOAD Drivers/STM32F4xx_HAL_Driver/Src/stm32f4xx_hal_i2s.o
LOAD Drivers/STM32F4xx_HAL_Driver/Src/stm32f4xx_hal_i2s_ex.o
LOAD Drivers/STM32F4xx_HAL_Driver/Src/stm32f4xx_hal_pwr.o
LOAD Drivers/STM32F4xx_HAL_Driver/Src/stm32f4xx_hal_pwr_ex.o
LOAD Drivers/STM32F4xx_HAL_Driver/Src/stm32f4xx_hal_rcc.o
LOAD Drivers/STM32F4xx_HAL_Driver/Src/stm32f4xx_hal_rcc_ex.o
LOAD Drivers/STM32F4xx_HAL_Driver/Src/stm32f4xx_hal_spi.o
LOAD Drivers/STM32F4xx_HAL_Driver/Src/stm32f4xx_hal_tim.o
LOAD Drivers/STM32F4xx_HAL_Driver/Src/stm32f4xx_hal_tim_ex.o
LOAD Drivers/STM32F4xx_HAL_Driver/Src/stm32f4xx_hal_uart.o
LOAD Drivers/STM32F4xx_HAL_Driver/Src/stm32f4xx_ll_usb.o
LOAD Middlewares/ST/STM32_USB_Host_Library/Class/CDC/Src/usbh_cdc.o
LOAD Middlewares/ST/STM32_USB_Host_Library/Core/Src/usbh_core.o
LOAD Middlewares/ST/STM32_USB_Host_Library/Core/Src/usbh_ctlreq.o
LOAD Middlewares/ST/STM32_USB_Host_Library/Core/Src/usbh_ioreq.o
LOAD Middlewares/ST/STM32_USB_Host_Library/Core/Src/usbh_pipes.o
LOAD USB_HOST/App/usb_host.o
LOAD USB_HOST/Target/usbh_conf.o
LOAD USB_HOST/Target/usbh_platform.o
START GROUP
LOAD c:/st/stm32cubeide_1.5.0/stm32cubeide/plugins/com.st.stm32cube.ide.mcu.externaltools.gnu-tools-for-stm32.7-2018-q2-update.win32_1.5.0.202011040924/tools/bin/../lib/gcc/arm-none-eabi/7.3.1/../../../../arm-none-eabi/lib/thumb/v7e-m/fpv4-sp/hard\libc_nano.a
LOAD c:/st/stm32cubeide_1.5.0/stm32cubeide/plugins/com.st.stm32cube.ide.mcu.externaltools.gnu-tools-for-stm32.7-2018-q2-update.win32_1.5.0.202011040924/tools/bin/../lib/gcc/arm-none-eabi/7.3.1/../../../../arm-none-eabi/lib/thumb/v7e-m/fpv4-sp/hard\libm.a
END GROUP
START GROUP
LOAD c:/st/stm32cubeide_1.5.0/stm32cubeide/plugins/com.st.stm32cube.ide.mcu.externaltools.gnu-tools-for-stm32.7-2018-q2-update.win32_1.5.0.202011040924/tools/bin/../lib/gcc/arm-none-eabi/7.3.1/thumb/v7e-m/fpv4-sp/hard\libgcc.a
LOAD c:/st/stm32cubeide_1.5.0/stm32cubeide/plugins/com.st.stm32cube.ide.mcu.externaltools.gnu-tools-for-stm32.7-2018-q2-update.win32_1.5.0.202011040924/tools/bin/../lib/gcc/arm-none-eabi/7.3.1/../../../../arm-none-eabi/lib/thumb/v7e-m/fpv4-sp/hard\libc_nano.a
END GROUP
START GROUP
LOAD c:/st/stm32cubeide_1.5.0/stm32cubeide/plugins/com.st.stm32cube.ide.mcu.externaltools.gnu-tools-for-stm32.7-2018-q2-update.win32_1.5.0.202011040924/tools/bin/../lib/gcc/arm-none-eabi/7.3.1/thumb/v7e-m/fpv4-sp/hard\libgcc.a
LOAD c:/st/stm32cubeide_1.5.0/stm32cubeide/plugins/com.st.stm32cube.ide.mcu.externaltools.gnu-tools-for-stm32.7-2018-q2-update.win32_1.5.0.202011040924/tools/bin/../lib/gcc/arm-none-eabi/7.3.1/../../../../arm-none-eabi/lib/thumb/v7e-m/fpv4-sp/hard\libc_nano.a
LOAD c:/st/stm32cubeide_1.5.0/stm32cubeide/plugins/com.st.stm32cube.ide.mcu.externaltools.gnu-tools-for-stm32.7-2018-q2-update.win32_1.5.0.202011040924/tools/bin/../lib/gcc/arm-none-eabi/7.3.1/../../../../arm-none-eabi/lib/thumb/v7e-m/fpv4-sp/hard\libnosys.a
END GROUP
START GROUP
LOAD c:/st/stm32cubeide_1.5.0/stm32cubeide/plugins/com.st.stm32cube.ide.mcu.externaltools.gnu-tools-for-stm32.7-2018-q2-update.win32_1.5.0.202011040924/tools/bin/../lib/gcc/arm-none-eabi/7.3.1/thumb/v7e-m/fpv4-sp/hard\libgcc.a
LOAD c:/st/stm32cubeide_1.5.0/stm32cubeide/plugins/com.st.stm32cube.ide.mcu.externaltools.gnu-tools-for-stm32.7-2018-q2-update.win32_1.5.0.202011040924/tools/bin/../lib/gcc/arm-none-eabi/7.3.1/../../../../arm-none-eabi/lib/thumb/v7e-m/fpv4-sp/hard\libc_nano.a
LOAD c:/st/stm32cubeide_1.5.0/stm32cubeide/plugins/com.st.stm32cube.ide.mcu.externaltools.gnu-tools-for-stm32.7-2018-q2-update.win32_1.5.0.202011040924/tools/bin/../lib/gcc/arm-none-eabi/7.3.1/../../../../arm-none-eabi/lib/thumb/v7e-m/fpv4-sp/hard\libnosys.a
END GROUP
LOAD c:/st/stm32cubeide_1.5.0/stm32cubeide/plugins/com.st.stm32cube.ide.mcu.externaltools.gnu-tools-for-stm32.7-2018-q2-update.win32_1.5.0.202011040924/tools/bin/../lib/gcc/arm-none-eabi/7.3.1/thumb/v7e-m/fpv4-sp/hard/crtend.o
LOAD c:/st/stm32cubeide_1.5.0/stm32cubeide/plugins/com.st.stm32cube.ide.mcu.externaltools.gnu-tools-for-stm32.7-2018-q2-update.win32_1.5.0.202011040924/tools/bin/../lib/gcc/arm-none-eabi/7.3.1/thumb/v7e-m/fpv4-sp/hard/crtn.o
                0x0000000020020000                _estack = (ORIGIN (RAM) + LENGTH (RAM))
                0x0000000000000200                _Min_Heap_Size = 0x200
                0x0000000000000400                _Min_Stack_Size = 0x400

.isr_vector     0x0000000008000000      0x188
                0x0000000008000000                . = ALIGN (0x4)
 *(.isr_vector)
 .isr_vector    0x0000000008000000      0x188 Core/Startup/startup_stm32f407vgtx.o
                0x0000000008000000                g_pfnVectors
                0x0000000008000188                . = ALIGN (0x4)

.text           0x0000000008000190     0xb738
                0x0000000008000190                . = ALIGN (0x4)
 *(.text)
 .text          0x0000000008000190       0x40 c:/st/stm32cubeide_1.5.0/stm32cubeide/plugins/com.st.stm32cube.ide.mcu.externaltools.gnu-tools-for-stm32.7-2018-q2-update.win32_1.5.0.202011040924/tools/bin/../lib/gcc/arm-none-eabi/7.3.1/thumb/v7e-m/fpv4-sp/hard/crtbegin.o
 .text          0x00000000080001d0       0xa0 c:/st/stm32cubeide_1.5.0/stm32cubeide/plugins/com.st.stm32cube.ide.mcu.externaltools.gnu-tools-for-stm32.7-2018-q2-update.win32_1.5.0.202011040924/tools/bin/../lib/gcc/arm-none-eabi/7.3.1/../../../../arm-none-eabi/lib/thumb/v7e-m/fpv4-sp/hard\libc_nano.a(lib_a-memchr.o)
                0x00000000080001d0                memchr
 .text          0x0000000008000270       0x30 c:/st/stm32cubeide_1.5.0/stm32cubeide/plugins/com.st.stm32cube.ide.mcu.externaltools.gnu-tools-for-stm32.7-2018-q2-update.win32_1.5.0.202011040924/tools/bin/../lib/gcc/arm-none-eabi/7.3.1/thumb/v7e-m/fpv4-sp/hard\libgcc.a(_aeabi_uldivmod.o)
                0x0000000008000270                __aeabi_uldivmod
 .text          0x00000000080002a0      0x2cc c:/st/stm32cubeide_1.5.0/stm32cubeide/plugins/com.st.stm32cube.ide.mcu.externaltools.gnu-tools-for-stm32.7-2018-q2-update.win32_1.5.0.202011040924/tools/bin/../lib/gcc/arm-none-eabi/7.3.1/thumb/v7e-m/fpv4-sp/hard\libgcc.a(_udivmoddi4.o)
                0x00000000080002a0                __udivmoddi4
 .text          0x000000000800056c        0x4 c:/st/stm32cubeide_1.5.0/stm32cubeide/plugins/com.st.stm32cube.ide.mcu.externaltools.gnu-tools-for-stm32.7-2018-q2-update.win32_1.5.0.202011040924/tools/bin/../lib/gcc/arm-none-eabi/7.3.1/thumb/v7e-m/fpv4-sp/hard\libgcc.a(_dvmd_tls.o)
                0x000000000800056c                __aeabi_idiv0
                0x000000000800056c                __aeabi_ldiv0
 *(.text*)
 .text.HAL_TIM_PeriodElapsedCallback
                0x0000000008000570       0x20 Core/Src/main.o
                0x0000000008000570                HAL_TIM_PeriodElapsedCallback
 .text.HAL_UART_RxCpltCallback
                0x0000000008000590       0x20 Core/Src/main.o
                0x0000000008000590                HAL_UART_RxCpltCallback
 .text.main     0x00000000080005b0      0x2a0 Core/Src/main.o
                0x00000000080005b0                main
 .text.SystemClock_Config
                0x0000000008000850      0x104 Core/Src/main.o
                0x0000000008000850                SystemClock_Config
 .text.MX_ADC1_Init
                0x0000000008000954       0xe0 Core/Src/main.o
 .text.MX_I2C1_Init
                0x0000000008000a34       0x5c Core/Src/main.o
 .text.MX_I2S3_Init
                0x0000000008000a90       0x60 Core/Src/main.o
 .text.MX_SPI1_Init
                0x0000000008000af0       0x6c Core/Src/main.o
 .text.MX_TIM4_Init
                0x0000000008000b5c       0xec Core/Src/main.o
 .text.MX_TIM10_Init
                0x0000000008000c48       0x4c Core/Src/main.o
 .text.MX_USART2_UART_Init
                0x0000000008000c94       0x54 Core/Src/main.o
 .text.MX_DMA_Init
                0x0000000008000ce8       0x6c Core/Src/main.o
 .text.MX_GPIO_Init
                0x0000000008000d54      0x1fc Core/Src/main.o
 .text.Error_Handler
                0x0000000008000f50        0x8 Core/Src/main.o
                0x0000000008000f50                Error_Handler
 .text.HAL_MspInit
                0x0000000008000f58       0x50 Core/Src/stm32f4xx_hal_msp.o
                0x0000000008000f58                HAL_MspInit
 .text.HAL_ADC_MspInit
                0x0000000008000fa8      0x128 Core/Src/stm32f4xx_hal_msp.o
                0x0000000008000fa8                HAL_ADC_MspInit
 .text.HAL_I2C_MspInit
                0x00000000080010d0       0x90 Core/Src/stm32f4xx_hal_msp.o
                0x00000000080010d0                HAL_I2C_MspInit
 .text.HAL_I2S_MspInit
                0x0000000008001160       0xd0 Core/Src/stm32f4xx_hal_msp.o
                0x0000000008001160                HAL_I2S_MspInit
 .text.HAL_SPI_MspInit
                0x0000000008001230       0x90 Core/Src/stm32f4xx_hal_msp.o
                0x0000000008001230                HAL_SPI_MspInit
 .text.HAL_TIM_Base_MspInit
                0x00000000080012c0       0xe4 Core/Src/stm32f4xx_hal_msp.o
                0x00000000080012c0                HAL_TIM_Base_MspInit
 .text.HAL_TIM_MspPostInit
                0x00000000080013a4       0x74 Core/Src/stm32f4xx_hal_msp.o
                0x00000000080013a4                HAL_TIM_MspPostInit
 .text.HAL_UART_MspInit
                0x0000000008001418       0xa0 Core/Src/stm32f4xx_hal_msp.o
                0x0000000008001418                HAL_UART_MspInit
 .text.NMI_Handler
                0x00000000080014b8        0x6 Core/Src/stm32f4xx_it.o
                0x00000000080014b8                NMI_Handler
 .text.HardFault_Handler
                0x00000000080014be        0x6 Core/Src/stm32f4xx_it.o
                0x00000000080014be                HardFault_Handler
 .text.MemManage_Handler
                0x00000000080014c4        0x6 Core/Src/stm32f4xx_it.o
                0x00000000080014c4                MemManage_Handler
 .text.BusFault_Handler
                0x00000000080014ca        0x6 Core/Src/stm32f4xx_it.o
                0x00000000080014ca                BusFault_Handler
 .text.UsageFault_Handler
                0x00000000080014d0        0x6 Core/Src/stm32f4xx_it.o
                0x00000000080014d0                UsageFault_Handler
 .text.SVC_Handler
                0x00000000080014d6        0xe Core/Src/stm32f4xx_it.o
                0x00000000080014d6                SVC_Handler
 .text.DebugMon_Handler
                0x00000000080014e4        0xe Core/Src/stm32f4xx_it.o
                0x00000000080014e4                DebugMon_Handler
 .text.PendSV_Handler
                0x00000000080014f2        0xe Core/Src/stm32f4xx_it.o
                0x00000000080014f2                PendSV_Handler
 .text.SysTick_Handler
                0x0000000008001500        0xc Core/Src/stm32f4xx_it.o
                0x0000000008001500                SysTick_Handler
 .text.DMA1_Stream3_IRQHandler
                0x000000000800150c       0x14 Core/Src/stm32f4xx_it.o
                0x000000000800150c                DMA1_Stream3_IRQHandler
 .text.TIM1_UP_TIM10_IRQHandler
                0x0000000008001520       0x14 Core/Src/stm32f4xx_it.o
                0x0000000008001520                TIM1_UP_TIM10_IRQHandler
 .text.USART2_IRQHandler
                0x0000000008001534       0x14 Core/Src/stm32f4xx_it.o
                0x0000000008001534                USART2_IRQHandler
 .text.DMA2_Stream0_IRQHandler
                0x0000000008001548       0x14 Core/Src/stm32f4xx_it.o
                0x0000000008001548                DMA2_Stream0_IRQHandler
 .text.OTG_FS_IRQHandler
                0x000000000800155c       0x14 Core/Src/stm32f4xx_it.o
                0x000000000800155c                OTG_FS_IRQHandler
 .text._sbrk    0x0000000008001570       0x6c Core/Src/sysmem.o
                0x0000000008001570                _sbrk
 .text.SystemInit
                0x00000000080015dc       0x2c Core/Src/system_stm32f4xx.o
                0x00000000080015dc                SystemInit
 .text.Reset_Handler
                0x0000000008001608       0x50 Core/Startup/startup_stm32f407vgtx.o
                0x0000000008001608                Reset_Handler
 .text.Default_Handler
                0x0000000008001658        0x2 Core/Startup/startup_stm32f407vgtx.o
                0x0000000008001658                RTC_Alarm_IRQHandler
                0x0000000008001658                HASH_RNG_IRQHandler
                0x0000000008001658                EXTI2_IRQHandler
                0x0000000008001658                TIM8_CC_IRQHandler
                0x0000000008001658                TIM1_CC_IRQHandler
                0x0000000008001658                DMA2_Stream5_IRQHandler
                0x0000000008001658                DMA1_Stream5_IRQHandler
                0x0000000008001658                PVD_IRQHandler
                0x0000000008001658                SDIO_IRQHandler
                0x0000000008001658                TAMP_STAMP_IRQHandler
                0x0000000008001658                CAN2_RX1_IRQHandler
                0x0000000008001658                EXTI3_IRQHandler
                0x0000000008001658                TIM8_TRG_COM_TIM14_IRQHandler
                0x0000000008001658                TIM8_UP_TIM13_IRQHandler
                0x0000000008001658                I2C3_ER_IRQHandler
                0x0000000008001658                EXTI0_IRQHandler
                0x0000000008001658                I2C2_EV_IRQHandler
                0x0000000008001658                DMA1_Stream2_IRQHandler
                0x0000000008001658                CAN1_RX0_IRQHandler
                0x0000000008001658                FPU_IRQHandler
                0x0000000008001658                OTG_HS_WKUP_IRQHandler
                0x0000000008001658                CAN2_SCE_IRQHandler
                0x0000000008001658                DMA2_Stream2_IRQHandler
                0x0000000008001658                SPI1_IRQHandler
                0x0000000008001658                TIM6_DAC_IRQHandler
                0x0000000008001658                TIM1_BRK_TIM9_IRQHandler
                0x0000000008001658                DCMI_IRQHandler
                0x0000000008001658                CAN2_RX0_IRQHandler
                0x0000000008001658                DMA2_Stream3_IRQHandler
                0x0000000008001658                USART6_IRQHandler
                0x0000000008001658                USART3_IRQHandler
                0x0000000008001658                CAN1_RX1_IRQHandler
                0x0000000008001658                UART5_IRQHandler
                0x0000000008001658                TIM4_IRQHandler
                0x0000000008001658                I2C1_EV_IRQHandler
                0x0000000008001658                DMA1_Stream6_IRQHandler
                0x0000000008001658                DMA1_Stream1_IRQHandler
                0x0000000008001658                UART4_IRQHandler
                0x0000000008001658                TIM3_IRQHandler
                0x0000000008001658                RCC_IRQHandler
                0x0000000008001658                TIM8_BRK_TIM12_IRQHandler
                0x0000000008001658                Default_Handler
                0x0000000008001658                EXTI15_10_IRQHandler
                0x0000000008001658                ADC_IRQHandler
                0x0000000008001658                DMA1_Stream7_IRQHandler
                0x0000000008001658                TIM7_IRQHandler
                0x0000000008001658                CAN2_TX_IRQHandler
                0x0000000008001658                TIM5_IRQHandler
                0x0000000008001658                DMA2_Stream7_IRQHandler
                0x0000000008001658                I2C3_EV_IRQHandler
                0x0000000008001658                EXTI9_5_IRQHandler
                0x0000000008001658                RTC_WKUP_IRQHandler
                0x0000000008001658                ETH_WKUP_IRQHandler
                0x0000000008001658                SPI2_IRQHandler
                0x0000000008001658                OTG_HS_EP1_IN_IRQHandler
                0x0000000008001658                DMA1_Stream0_IRQHandler
                0x0000000008001658                CAN1_TX_IRQHandler
                0x0000000008001658                EXTI4_IRQHandler
                0x0000000008001658                FSMC_IRQHandler
                0x0000000008001658                ETH_IRQHandler
                0x0000000008001658                OTG_HS_EP1_OUT_IRQHandler
                0x0000000008001658                WWDG_IRQHandler
                0x0000000008001658                TIM2_IRQHandler
                0x0000000008001658                OTG_FS_WKUP_IRQHandler
                0x0000000008001658                TIM1_TRG_COM_TIM11_IRQHandler
                0x0000000008001658                OTG_HS_IRQHandler
                0x0000000008001658                EXTI1_IRQHandler
                0x0000000008001658                I2C2_ER_IRQHandler
                0x0000000008001658                DMA2_Stream1_IRQHandler
                0x0000000008001658                CAN1_SCE_IRQHandler
                0x0000000008001658                FLASH_IRQHandler
                0x0000000008001658                DMA2_Stream4_IRQHandler
                0x0000000008001658                USART1_IRQHandler
                0x0000000008001658                SPI3_IRQHandler
                0x0000000008001658                DMA1_Stream4_IRQHandler
                0x0000000008001658                I2C1_ER_IRQHandler
                0x0000000008001658                DMA2_Stream6_IRQHandler
 *fill*         0x000000000800165a        0x2 
 .text.HAL_Init
                0x000000000800165c       0x44 Drivers/STM32F4xx_HAL_Driver/Src/stm32f4xx_hal.o
                0x000000000800165c                HAL_Init
 .text.HAL_InitTick
                0x00000000080016a0       0x60 Drivers/STM32F4xx_HAL_Driver/Src/stm32f4xx_hal.o
                0x00000000080016a0                HAL_InitTick
 .text.HAL_IncTick
                0x0000000008001700       0x28 Drivers/STM32F4xx_HAL_Driver/Src/stm32f4xx_hal.o
                0x0000000008001700                HAL_IncTick
 .text.HAL_GetTick
                0x0000000008001728       0x18 Drivers/STM32F4xx_HAL_Driver/Src/stm32f4xx_hal.o
                0x0000000008001728                HAL_GetTick
 .text.HAL_Delay
                0x0000000008001740       0x44 Drivers/STM32F4xx_HAL_Driver/Src/stm32f4xx_hal.o
                0x0000000008001740                HAL_Delay
 .text.HAL_ADC_Init
                0x0000000008001784       0x86 Drivers/STM32F4xx_HAL_Driver/Src/stm32f4xx_hal_adc.o
                0x0000000008001784                HAL_ADC_Init
 *fill*         0x000000000800180a        0x2 
 .text.HAL_ADC_Start_DMA
                0x000000000800180c      0x1e4 Drivers/STM32F4xx_HAL_Driver/Src/stm32f4xx_hal_adc.o
                0x000000000800180c                HAL_ADC_Start_DMA
 .text.HAL_ADC_ConvCpltCallback
                0x00000000080019f0       0x14 Drivers/STM32F4xx_HAL_Driver/Src/stm32f4xx_hal_adc.o
                0x00000000080019f0                HAL_ADC_ConvCpltCallback
 .text.HAL_ADC_ConvHalfCpltCallback
                0x0000000008001a04       0x14 Drivers/STM32F4xx_HAL_Driver/Src/stm32f4xx_hal_adc.o
                0x0000000008001a04                HAL_ADC_ConvHalfCpltCallback
 .text.HAL_ADC_ErrorCallback
                0x0000000008001a18       0x14 Drivers/STM32F4xx_HAL_Driver/Src/stm32f4xx_hal_adc.o
                0x0000000008001a18                HAL_ADC_ErrorCallback
 .text.HAL_ADC_ConfigChannel
                0x0000000008001a2c      0x244 Drivers/STM32F4xx_HAL_Driver/Src/stm32f4xx_hal_adc.o
                0x0000000008001a2c                HAL_ADC_ConfigChannel
 .text.ADC_Init
                0x0000000008001c70      0x1f8 Drivers/STM32F4xx_HAL_Driver/Src/stm32f4xx_hal_adc.o
 .text.ADC_DMAConvCplt
                0x0000000008001e68       0xba Drivers/STM32F4xx_HAL_Driver/Src/stm32f4xx_hal_adc.o
 .text.ADC_DMAHalfConvCplt
                0x0000000008001f22       0x1c Drivers/STM32F4xx_HAL_Driver/Src/stm32f4xx_hal_adc.o
 .text.ADC_DMAError
                0x0000000008001f3e       0x2e Drivers/STM32F4xx_HAL_Driver/Src/stm32f4xx_hal_adc.o
 .text.__NVIC_SetPriorityGrouping
                0x0000000008001f6c       0x48 Drivers/STM32F4xx_HAL_Driver/Src/stm32f4xx_hal_cortex.o
 .text.__NVIC_GetPriorityGrouping
                0x0000000008001fb4       0x1c Drivers/STM32F4xx_HAL_Driver/Src/stm32f4xx_hal_cortex.o
 .text.__NVIC_EnableIRQ
                0x0000000008001fd0       0x3c Drivers/STM32F4xx_HAL_Driver/Src/stm32f4xx_hal_cortex.o
 .text.__NVIC_SetPriority
                0x000000000800200c       0x54 Drivers/STM32F4xx_HAL_Driver/Src/stm32f4xx_hal_cortex.o
 .text.NVIC_EncodePriority
                0x0000000008002060       0x66 Drivers/STM32F4xx_HAL_Driver/Src/stm32f4xx_hal_cortex.o
 *fill*         0x00000000080020c6        0x2 
 .text.SysTick_Config
                0x00000000080020c8       0x44 Drivers/STM32F4xx_HAL_Driver/Src/stm32f4xx_hal_cortex.o
 .text.HAL_NVIC_SetPriorityGrouping
                0x000000000800210c       0x16 Drivers/STM32F4xx_HAL_Driver/Src/stm32f4xx_hal_cortex.o
                0x000000000800210c                HAL_NVIC_SetPriorityGrouping
 .text.HAL_NVIC_SetPriority
                0x0000000008002122       0x38 Drivers/STM32F4xx_HAL_Driver/Src/stm32f4xx_hal_cortex.o
                0x0000000008002122                HAL_NVIC_SetPriority
 .text.HAL_NVIC_EnableIRQ
                0x000000000800215a       0x1c Drivers/STM32F4xx_HAL_Driver/Src/stm32f4xx_hal_cortex.o
                0x000000000800215a                HAL_NVIC_EnableIRQ
 .text.HAL_SYSTICK_Config
                0x0000000008002176       0x18 Drivers/STM32F4xx_HAL_Driver/Src/stm32f4xx_hal_cortex.o
                0x0000000008002176                HAL_SYSTICK_Config
 *fill*         0x000000000800218e        0x2 
 .text.HAL_DMA_Init
                0x0000000008002190      0x15c Drivers/STM32F4xx_HAL_Driver/Src/stm32f4xx_hal_dma.o
                0x0000000008002190                HAL_DMA_Init
 .text.HAL_DMA_Start_IT
                0x00000000080022ec       0xb0 Drivers/STM32F4xx_HAL_Driver/Src/stm32f4xx_hal_dma.o
                0x00000000080022ec                HAL_DMA_Start_IT
 .text.HAL_DMA_Abort_IT
                0x000000000800239c       0x44 Drivers/STM32F4xx_HAL_Driver/Src/stm32f4xx_hal_dma.o
                0x000000000800239c                HAL_DMA_Abort_IT
 .text.HAL_DMA_IRQHandler
                0x00000000080023e0      0x314 Drivers/STM32F4xx_HAL_Driver/Src/stm32f4xx_hal_dma.o
                0x00000000080023e0                HAL_DMA_IRQHandler
 .text.DMA_SetConfig
                0x00000000080026f4       0x5c Drivers/STM32F4xx_HAL_Driver/Src/stm32f4xx_hal_dma.o
 .text.DMA_CalcBaseAndBitshift
                0x0000000008002750       0x6c Drivers/STM32F4xx_HAL_Driver/Src/stm32f4xx_hal_dma.o
 .text.DMA_CheckFifoParam
                0x00000000080027bc       0xf4 Drivers/STM32F4xx_HAL_Driver/Src/stm32f4xx_hal_dma.o
 .text.HAL_GPIO_Init
                0x00000000080028b0      0x334 Drivers/STM32F4xx_HAL_Driver/Src/stm32f4xx_hal_gpio.o
                0x00000000080028b0                HAL_GPIO_Init
 .text.HAL_GPIO_WritePin
                0x0000000008002be4       0x32 Drivers/STM32F4xx_HAL_Driver/Src/stm32f4xx_hal_gpio.o
                0x0000000008002be4                HAL_GPIO_WritePin
 .text.HAL_GPIO_TogglePin
                0x0000000008002c16       0x36 Drivers/STM32F4xx_HAL_Driver/Src/stm32f4xx_hal_gpio.o
                0x0000000008002c16                HAL_GPIO_TogglePin
 .text.HAL_HCD_Init
                0x0000000008002c4c       0xc4 Drivers/STM32F4xx_HAL_Driver/Src/stm32f4xx_hal_hcd.o
                0x0000000008002c4c                HAL_HCD_Init
 .text.HAL_HCD_HC_Init
                0x0000000008002d10      0x130 Drivers/STM32F4xx_HAL_Driver/Src/stm32f4xx_hal_hcd.o
                0x0000000008002d10                HAL_HCD_HC_Init
 .text.HAL_HCD_HC_Halt
                0x0000000008002e40       0x46 Drivers/STM32F4xx_HAL_Driver/Src/stm32f4xx_hal_hcd.o
                0x0000000008002e40                HAL_HCD_HC_Halt
 *fill*         0x0000000008002e86        0x2 
 .text.HAL_HCD_HC_SubmitRequest
                0x0000000008002e88      0x2e4 Drivers/STM32F4xx_HAL_Driver/Src/stm32f4xx_hal_hcd.o
                0x0000000008002e88                HAL_HCD_HC_SubmitRequest
 .text.HAL_HCD_IRQHandler
                0x000000000800316c      0x208 Drivers/STM32F4xx_HAL_Driver/Src/stm32f4xx_hal_hcd.o
                0x000000000800316c                HAL_HCD_IRQHandler
 .text.HAL_HCD_Start
                0x0000000008003374       0x46 Drivers/STM32F4xx_HAL_Driver/Src/stm32f4xx_hal_hcd.o
                0x0000000008003374                HAL_HCD_Start
 .text.HAL_HCD_Stop
                0x00000000080033ba       0x3a Drivers/STM32F4xx_HAL_Driver/Src/stm32f4xx_hal_hcd.o
                0x00000000080033ba                HAL_HCD_Stop
 .text.HAL_HCD_ResetPort
                0x00000000080033f4       0x1c Drivers/STM32F4xx_HAL_Driver/Src/stm32f4xx_hal_hcd.o
                0x00000000080033f4                HAL_HCD_ResetPort
 .text.HAL_HCD_HC_GetURBState
                0x0000000008003410       0x2a Drivers/STM32F4xx_HAL_Driver/Src/stm32f4xx_hal_hcd.o
                0x0000000008003410                HAL_HCD_HC_GetURBState
 .text.HAL_HCD_HC_GetXferCount
                0x000000000800343a       0x2a Drivers/STM32F4xx_HAL_Driver/Src/stm32f4xx_hal_hcd.o
                0x000000000800343a                HAL_HCD_HC_GetXferCount
 .text.HAL_HCD_GetCurrentFrame
                0x0000000008003464       0x1c Drivers/STM32F4xx_HAL_Driver/Src/stm32f4xx_hal_hcd.o
                0x0000000008003464                HAL_HCD_GetCurrentFrame
 .text.HAL_HCD_GetCurrentSpeed
                0x0000000008003480       0x1c Drivers/STM32F4xx_HAL_Driver/Src/stm32f4xx_hal_hcd.o
                0x0000000008003480                HAL_HCD_GetCurrentSpeed
 .text.HCD_HC_IN_IRQHandler
                0x000000000800349c      0x86a Drivers/STM32F4xx_HAL_Driver/Src/stm32f4xx_hal_hcd.o
 .text.HCD_HC_OUT_IRQHandler
                0x0000000008003d06      0x6ea Drivers/STM32F4xx_HAL_Driver/Src/stm32f4xx_hal_hcd.o
 .text.HCD_RXQLVL_IRQHandler
                0x00000000080043f0      0x158 Drivers/STM32F4xx_HAL_Driver/Src/stm32f4xx_hal_hcd.o
 .text.HCD_Port_IRQHandler
                0x0000000008004548       0xe6 Drivers/STM32F4xx_HAL_Driver/Src/stm32f4xx_hal_hcd.o
 *fill*         0x000000000800462e        0x2 
 .text.HAL_I2C_Init
                0x0000000008004630      0x270 Drivers/STM32F4xx_HAL_Driver/Src/stm32f4xx_hal_i2c.o
                0x0000000008004630                HAL_I2C_Init
 .text.HAL_I2S_Init
                0x00000000080048a0      0x280 Drivers/STM32F4xx_HAL_Driver/Src/stm32f4xx_hal_i2s.o
                0x00000000080048a0                HAL_I2S_Init
 .text.HAL_I2S_TxCpltCallback
                0x0000000008004b20       0x14 Drivers/STM32F4xx_HAL_Driver/Src/stm32f4xx_hal_i2s.o
                0x0000000008004b20                HAL_I2S_TxCpltCallback
 .text.HAL_I2S_RxCpltCallback
                0x0000000008004b34       0x14 Drivers/STM32F4xx_HAL_Driver/Src/stm32f4xx_hal_i2s.o
                0x0000000008004b34                HAL_I2S_RxCpltCallback
 .text.HAL_I2S_ErrorCallback
                0x0000000008004b48       0x14 Drivers/STM32F4xx_HAL_Driver/Src/stm32f4xx_hal_i2s.o
                0x0000000008004b48                HAL_I2S_ErrorCallback
 .text.I2S_Transmit_IT
                0x0000000008004b5c       0x5c Drivers/STM32F4xx_HAL_Driver/Src/stm32f4xx_hal_i2s.o
 .text.I2S_Receive_IT
                0x0000000008004bb8       0x5e Drivers/STM32F4xx_HAL_Driver/Src/stm32f4xx_hal_i2s.o
 .text.I2S_IRQHandler
                0x0000000008004c16      0x114 Drivers/STM32F4xx_HAL_Driver/Src/stm32f4xx_hal_i2s.o
 *fill*         0x0000000008004d2a        0x2 
 .text.HAL_I2SEx_FullDuplex_IRQHandler
                0x0000000008004d2c      0x2a8 Drivers/STM32F4xx_HAL_Driver/Src/stm32f4xx_hal_i2s_ex.o
                0x0000000008004d2c                HAL_I2SEx_FullDuplex_IRQHandler
 .text.HAL_I2SEx_TxRxCpltCallback
                0x0000000008004fd4       0x14 Drivers/STM32F4xx_HAL_Driver/Src/stm32f4xx_hal_i2s_ex.o
                0x0000000008004fd4                HAL_I2SEx_TxRxCpltCallback
 .text.I2SEx_TxISR_I2S
                0x0000000008004fe8       0x62 Drivers/STM32F4xx_HAL_Driver/Src/stm32f4xx_hal_i2s_ex.o
 *fill*         0x000000000800504a        0x2 
 .text.I2SEx_TxISR_I2SExt
                0x000000000800504c       0x98 Drivers/STM32F4xx_HAL_Driver/Src/stm32f4xx_hal_i2s_ex.o
 .text.I2SEx_RxISR_I2S
                0x00000000080050e4       0x64 Drivers/STM32F4xx_HAL_Driver/Src/stm32f4xx_hal_i2s_ex.o
 .text.I2SEx_RxISR_I2SExt
                0x0000000008005148       0x98 Drivers/STM32F4xx_HAL_Driver/Src/stm32f4xx_hal_i2s_ex.o
 .text.HAL_RCC_OscConfig
                0x00000000080051e0      0x4e0 Drivers/STM32F4xx_HAL_Driver/Src/stm32f4xx_hal_rcc.o
                0x00000000080051e0                HAL_RCC_OscConfig
 .text.HAL_RCC_ClockConfig
                0x00000000080056c0      0x1cc Drivers/STM32F4xx_HAL_Driver/Src/stm32f4xx_hal_rcc.o
                0x00000000080056c0                HAL_RCC_ClockConfig
 .text.HAL_RCC_GetSysClockFreq
                0x000000000800588c      0x1b0 Drivers/STM32F4xx_HAL_Driver/Src/stm32f4xx_hal_rcc.o
                0x000000000800588c                HAL_RCC_GetSysClockFreq
 .text.HAL_RCC_GetHCLKFreq
                0x0000000008005a3c       0x18 Drivers/STM32F4xx_HAL_Driver/Src/stm32f4xx_hal_rcc.o
                0x0000000008005a3c                HAL_RCC_GetHCLKFreq
 .text.HAL_RCC_GetPCLK1Freq
                0x0000000008005a54       0x28 Drivers/STM32F4xx_HAL_Driver/Src/stm32f4xx_hal_rcc.o
                0x0000000008005a54                HAL_RCC_GetPCLK1Freq
 .text.HAL_RCC_GetPCLK2Freq
                0x0000000008005a7c       0x28 Drivers/STM32F4xx_HAL_Driver/Src/stm32f4xx_hal_rcc.o
                0x0000000008005a7c                HAL_RCC_GetPCLK2Freq
 .text.HAL_RCCEx_PeriphCLKConfig
                0x0000000008005aa4      0x1c4 Drivers/STM32F4xx_HAL_Driver/Src/stm32f4xx_hal_rcc_ex.o
                0x0000000008005aa4                HAL_RCCEx_PeriphCLKConfig
 .text.HAL_RCCEx_GetPeriphCLKFreq
                0x0000000008005c68       0xb8 Drivers/STM32F4xx_HAL_Driver/Src/stm32f4xx_hal_rcc_ex.o
                0x0000000008005c68                HAL_RCCEx_GetPeriphCLKFreq
 .text.HAL_SPI_Init
                0x0000000008005d20       0xc8 Drivers/STM32F4xx_HAL_Driver/Src/stm32f4xx_hal_spi.o
                0x0000000008005d20                HAL_SPI_Init
 .text.HAL_TIM_Base_Init
                0x0000000008005de8       0x56 Drivers/STM32F4xx_HAL_Driver/Src/stm32f4xx_hal_tim.o
                0x0000000008005de8                HAL_TIM_Base_Init
 .text.HAL_TIM_Base_Start_IT
                0x0000000008005e3e       0x48 Drivers/STM32F4xx_HAL_Driver/Src/stm32f4xx_hal_tim.o
                0x0000000008005e3e                HAL_TIM_Base_Start_IT
 .text.HAL_TIM_PWM_Init
                0x0000000008005e86       0x56 Drivers/STM32F4xx_HAL_Driver/Src/stm32f4xx_hal_tim.o
                0x0000000008005e86                HAL_TIM_PWM_Init
 .text.HAL_TIM_PWM_MspInit
                0x0000000008005edc       0x14 Drivers/STM32F4xx_HAL_Driver/Src/stm32f4xx_hal_tim.o
                0x0000000008005edc                HAL_TIM_PWM_MspInit
 .text.HAL_TIM_PWM_Start_DMA
                0x0000000008005ef0      0x224 Drivers/STM32F4xx_HAL_Driver/Src/stm32f4xx_hal_tim.o
                0x0000000008005ef0                HAL_TIM_PWM_Start_DMA
 .text.HAL_TIM_IRQHandler
                0x0000000008006114      0x210 Drivers/STM32F4xx_HAL_Driver/Src/stm32f4xx_hal_tim.o
                0x0000000008006114                HAL_TIM_IRQHandler
 .text.HAL_TIM_PWM_ConfigChannel
                0x0000000008006324      0x18c Drivers/STM32F4xx_HAL_Driver/Src/stm32f4xx_hal_tim.o
                0x0000000008006324                HAL_TIM_PWM_ConfigChannel
 .text.HAL_TIM_ConfigClockSource
                0x00000000080064b0      0x16e Drivers/STM32F4xx_HAL_Driver/Src/stm32f4xx_hal_tim.o
                0x00000000080064b0                HAL_TIM_ConfigClockSource
 .text.HAL_TIM_OC_DelayElapsedCallback
                0x000000000800661e       0x14 Drivers/STM32F4xx_HAL_Driver/Src/stm32f4xx_hal_tim.o
                0x000000000800661e                HAL_TIM_OC_DelayElapsedCallback
 .text.HAL_TIM_IC_CaptureCallback
                0x0000000008006632       0x14 Drivers/STM32F4xx_HAL_Driver/Src/stm32f4xx_hal_tim.o
                0x0000000008006632                HAL_TIM_IC_CaptureCallback
 .text.HAL_TIM_PWM_PulseFinishedCallback
                0x0000000008006646       0x14 Drivers/STM32F4xx_HAL_Driver/Src/stm32f4xx_hal_tim.o
                0x0000000008006646                HAL_TIM_PWM_PulseFinishedCallback
 .text.HAL_TIM_PWM_PulseFinishedHalfCpltCallback
                0x000000000800665a       0x14 Drivers/STM32F4xx_HAL_Driver/Src/stm32f4xx_hal_tim.o
                0x000000000800665a                HAL_TIM_PWM_PulseFinishedHalfCpltCallback
 .text.HAL_TIM_TriggerCallback
                0x000000000800666e       0x14 Drivers/STM32F4xx_HAL_Driver/Src/stm32f4xx_hal_tim.o
                0x000000000800666e                HAL_TIM_TriggerCallback
 .text.HAL_TIM_ErrorCallback
                0x0000000008006682       0x14 Drivers/STM32F4xx_HAL_Driver/Src/stm32f4xx_hal_tim.o
                0x0000000008006682                HAL_TIM_ErrorCallback
 .text.TIM_DMAError
                0x0000000008006696       0x24 Drivers/STM32F4xx_HAL_Driver/Src/stm32f4xx_hal_tim.o
                0x0000000008006696                TIM_DMAError
 .text.TIM_DMADelayPulseCplt
                0x00000000080066ba       0x70 Drivers/STM32F4xx_HAL_Driver/Src/stm32f4xx_hal_tim.o
                0x00000000080066ba                TIM_DMADelayPulseCplt
 .text.TIM_DMADelayPulseHalfCplt
                0x000000000800672a       0x70 Drivers/STM32F4xx_HAL_Driver/Src/stm32f4xx_hal_tim.o
                0x000000000800672a                TIM_DMADelayPulseHalfCplt
 *fill*         0x000000000800679a        0x2 
 .text.TIM_Base_SetConfig
                0x000000000800679c      0x140 Drivers/STM32F4xx_HAL_Driver/Src/stm32f4xx_hal_tim.o
                0x000000000800679c                TIM_Base_SetConfig
 .text.TIM_OC1_SetConfig
                0x00000000080068dc       0xe0 Drivers/STM32F4xx_HAL_Driver/Src/stm32f4xx_hal_tim.o
 .text.TIM_OC2_SetConfig
                0x00000000080069bc       0xec Drivers/STM32F4xx_HAL_Driver/Src/stm32f4xx_hal_tim.o
                0x00000000080069bc                TIM_OC2_SetConfig
 .text.TIM_OC3_SetConfig
                0x0000000008006aa8       0xe8 Drivers/STM32F4xx_HAL_Driver/Src/stm32f4xx_hal_tim.o
 .text.TIM_OC4_SetConfig
                0x0000000008006b90       0xac Drivers/STM32F4xx_HAL_Driver/Src/stm32f4xx_hal_tim.o
 .text.TIM_TI1_ConfigInputStage
                0x0000000008006c3c       0x5e Drivers/STM32F4xx_HAL_Driver/Src/stm32f4xx_hal_tim.o
 .text.TIM_TI2_ConfigInputStage
                0x0000000008006c9a       0x60 Drivers/STM32F4xx_HAL_Driver/Src/stm32f4xx_hal_tim.o
 .text.TIM_ITRx_SetConfig
                0x0000000008006cfa       0x36 Drivers/STM32F4xx_HAL_Driver/Src/stm32f4xx_hal_tim.o
 .text.TIM_ETR_SetConfig
                0x0000000008006d30       0x40 Drivers/STM32F4xx_HAL_Driver/Src/stm32f4xx_hal_tim.o
                0x0000000008006d30                TIM_ETR_SetConfig
 .text.TIM_CCxChannelCmd
                0x0000000008006d70       0x4a Drivers/STM32F4xx_HAL_Driver/Src/stm32f4xx_hal_tim.o
                0x0000000008006d70                TIM_CCxChannelCmd
 *fill*         0x0000000008006dba        0x2 
 .text.HAL_TIMEx_MasterConfigSynchronization
                0x0000000008006dbc       0xf8 Drivers/STM32F4xx_HAL_Driver/Src/stm32f4xx_hal_tim_ex.o
                0x0000000008006dbc                HAL_TIMEx_MasterConfigSynchronization
 .text.HAL_TIMEx_CommutCallback
                0x0000000008006eb4       0x14 Drivers/STM32F4xx_HAL_Driver/Src/stm32f4xx_hal_tim_ex.o
                0x0000000008006eb4                HAL_TIMEx_CommutCallback
 .text.HAL_TIMEx_BreakCallback
                0x0000000008006ec8       0x14 Drivers/STM32F4xx_HAL_Driver/Src/stm32f4xx_hal_tim_ex.o
                0x0000000008006ec8                HAL_TIMEx_BreakCallback
 .text.HAL_UART_Init
                0x0000000008006edc       0x9a Drivers/STM32F4xx_HAL_Driver/Src/stm32f4xx_hal_uart.o
                0x0000000008006edc                HAL_UART_Init
 .text.HAL_UART_Transmit_IT
                0x0000000008006f76       0x8a Drivers/STM32F4xx_HAL_Driver/Src/stm32f4xx_hal_uart.o
                0x0000000008006f76                HAL_UART_Transmit_IT
 .text.HAL_UART_Receive_IT
                0x0000000008007000       0xaa Drivers/STM32F4xx_HAL_Driver/Src/stm32f4xx_hal_uart.o
                0x0000000008007000                HAL_UART_Receive_IT
 *fill*         0x00000000080070aa        0x2 
 .text.HAL_UART_IRQHandler
                0x00000000080070ac      0x200 Drivers/STM32F4xx_HAL_Driver/Src/stm32f4xx_hal_uart.o
                0x00000000080070ac                HAL_UART_IRQHandler
 .text.HAL_UART_TxCpltCallback
                0x00000000080072ac       0x14 Drivers/STM32F4xx_HAL_Driver/Src/stm32f4xx_hal_uart.o
                0x00000000080072ac                HAL_UART_TxCpltCallback
 .text.HAL_UART_ErrorCallback
                0x00000000080072c0       0x14 Drivers/STM32F4xx_HAL_Driver/Src/stm32f4xx_hal_uart.o
                0x00000000080072c0                HAL_UART_ErrorCallback
 .text.UART_EndRxTransfer
                0x00000000080072d4       0x3c Drivers/STM32F4xx_HAL_Driver/Src/stm32f4xx_hal_uart.o
 .text.UART_DMAAbortOnError
                0x0000000008007310       0x28 Drivers/STM32F4xx_HAL_Driver/Src/stm32f4xx_hal_uart.o
 .text.UART_Transmit_IT
                0x0000000008007338       0xac Drivers/STM32F4xx_HAL_Driver/Src/stm32f4xx_hal_uart.o
 .text.UART_EndTransmit_IT
                0x00000000080073e4       0x30 Drivers/STM32F4xx_HAL_Driver/Src/stm32f4xx_hal_uart.o
 .text.UART_Receive_IT
                0x0000000008007414      0x102 Drivers/STM32F4xx_HAL_Driver/Src/stm32f4xx_hal_uart.o
 *fill*         0x0000000008007516        0x2 
 .text.UART_SetConfig
                0x0000000008007518      0x6f8 Drivers/STM32F4xx_HAL_Driver/Src/stm32f4xx_hal_uart.o
 .text.USB_CoreInit
                0x0000000008007c10       0xc2 Drivers/STM32F4xx_HAL_Driver/Src/stm32f4xx_ll_usb.o
                0x0000000008007c10                USB_CoreInit
 .text.USB_EnableGlobalInt
                0x0000000008007cd2       0x22 Drivers/STM32F4xx_HAL_Driver/Src/stm32f4xx_ll_usb.o
                0x0000000008007cd2                USB_EnableGlobalInt
 .text.USB_DisableGlobalInt
                0x0000000008007cf4       0x22 Drivers/STM32F4xx_HAL_Driver/Src/stm32f4xx_ll_usb.o
                0x0000000008007cf4                USB_DisableGlobalInt
 .text.USB_SetCurrentMode
                0x0000000008007d16       0x54 Drivers/STM32F4xx_HAL_Driver/Src/stm32f4xx_ll_usb.o
                0x0000000008007d16                USB_SetCurrentMode
 *fill*         0x0000000008007d6a        0x2 
 .text.USB_FlushTxFifo
                0x0000000008007d6c       0x4c Drivers/STM32F4xx_HAL_Driver/Src/stm32f4xx_ll_usb.o
                0x0000000008007d6c                USB_FlushTxFifo
 .text.USB_FlushRxFifo
                0x0000000008007db8       0x44 Drivers/STM32F4xx_HAL_Driver/Src/stm32f4xx_ll_usb.o
                0x0000000008007db8                USB_FlushRxFifo
 .text.USB_WritePacket
                0x0000000008007dfc       0x6a Drivers/STM32F4xx_HAL_Driver/Src/stm32f4xx_ll_usb.o
                0x0000000008007dfc                USB_WritePacket
 .text.USB_ReadPacket
                0x0000000008007e66       0x52 Drivers/STM32F4xx_HAL_Driver/Src/stm32f4xx_ll_usb.o
                0x0000000008007e66                USB_ReadPacket
 .text.USB_ReadInterrupts
                0x0000000008007eb8       0x26 Drivers/STM32F4xx_HAL_Driver/Src/stm32f4xx_ll_usb.o
                0x0000000008007eb8                USB_ReadInterrupts
 .text.USB_GetMode
                0x0000000008007ede       0x1c Drivers/STM32F4xx_HAL_Driver/Src/stm32f4xx_ll_usb.o
                0x0000000008007ede                USB_GetMode
 *fill*         0x0000000008007efa        0x2 
 .text.USB_CoreReset
                0x0000000008007efc       0x68 Drivers/STM32F4xx_HAL_Driver/Src/stm32f4xx_ll_usb.o
 .text.USB_HostInit
                0x0000000008007f64      0x178 Drivers/STM32F4xx_HAL_Driver/Src/stm32f4xx_ll_usb.o
                0x0000000008007f64                USB_HostInit
 .text.USB_InitFSLSPClkSel
                0x00000000080080dc       0x74 Drivers/STM32F4xx_HAL_Driver/Src/stm32f4xx_ll_usb.o
                0x00000000080080dc                USB_InitFSLSPClkSel
 .text.USB_ResetPort
                0x0000000008008150       0x54 Drivers/STM32F4xx_HAL_Driver/Src/stm32f4xx_ll_usb.o
                0x0000000008008150                USB_ResetPort
 .text.USB_DriveVbus
                0x00000000080081a4       0x72 Drivers/STM32F4xx_HAL_Driver/Src/stm32f4xx_ll_usb.o
                0x00000000080081a4                USB_DriveVbus
 .text.USB_GetHostSpeed
                0x0000000008008216       0x2e Drivers/STM32F4xx_HAL_Driver/Src/stm32f4xx_ll_usb.o
                0x0000000008008216                USB_GetHostSpeed
 .text.USB_GetCurrentFrame
                0x0000000008008244       0x22 Drivers/STM32F4xx_HAL_Driver/Src/stm32f4xx_ll_usb.o
                0x0000000008008244                USB_GetCurrentFrame
 *fill*         0x0000000008008266        0x2 
 .text.USB_HC_Init
                0x0000000008008268      0x214 Drivers/STM32F4xx_HAL_Driver/Src/stm32f4xx_ll_usb.o
                0x0000000008008268                USB_HC_Init
 .text.USB_HC_StartXfer
                0x000000000800847c      0x28c Drivers/STM32F4xx_HAL_Driver/Src/stm32f4xx_ll_usb.o
                0x000000000800847c                USB_HC_StartXfer
 .text.USB_HC_ReadInterrupt
                0x0000000008008708       0x22 Drivers/STM32F4xx_HAL_Driver/Src/stm32f4xx_ll_usb.o
                0x0000000008008708                USB_HC_ReadInterrupt
 .text.USB_HC_Halt
                0x000000000800872a      0x1fe Drivers/STM32F4xx_HAL_Driver/Src/stm32f4xx_ll_usb.o
                0x000000000800872a                USB_HC_Halt
 .text.USB_DoPing
                0x0000000008008928       0x78 Drivers/STM32F4xx_HAL_Driver/Src/stm32f4xx_ll_usb.o
                0x0000000008008928                USB_DoPing
 .text.USB_StopHost
                0x00000000080089a0      0x10c Drivers/STM32F4xx_HAL_Driver/Src/stm32f4xx_ll_usb.o
                0x00000000080089a0                USB_StopHost
 .text.USBH_CDC_InterfaceInit
                0x0000000008008aac      0x2ac Middlewares/ST/STM32_USB_Host_Library/Class/CDC/Src/usbh_cdc.o
 .text.USBH_CDC_InterfaceDeInit
                0x0000000008008d58       0xb2 Middlewares/ST/STM32_USB_Host_Library/Class/CDC/Src/usbh_cdc.o
 .text.USBH_CDC_ClassRequest
                0x0000000008008e0a       0x3e Middlewares/ST/STM32_USB_Host_Library/Class/CDC/Src/usbh_cdc.o
 .text.USBH_CDC_Process
                0x0000000008008e48      0x12c Middlewares/ST/STM32_USB_Host_Library/Class/CDC/Src/usbh_cdc.o
 .text.USBH_CDC_SOFProcess
                0x0000000008008f74       0x16 Middlewares/ST/STM32_USB_Host_Library/Class/CDC/Src/usbh_cdc.o
 .text.GetLineCoding
                0x0000000008008f8a       0x3e Middlewares/ST/STM32_USB_Host_Library/Class/CDC/Src/usbh_cdc.o
 .text.SetLineCoding
                0x0000000008008fc8       0x3e Middlewares/ST/STM32_USB_Host_Library/Class/CDC/Src/usbh_cdc.o
 .text.CDC_ProcessTransmission
                0x0000000008009006       0xf0 Middlewares/ST/STM32_USB_Host_Library/Class/CDC/Src/usbh_cdc.o
 .text.CDC_ProcessReception
                0x00000000080090f6       0xb6 Middlewares/ST/STM32_USB_Host_Library/Class/CDC/Src/usbh_cdc.o
 .text.USBH_CDC_TransmitCallback
                0x00000000080091ac       0x14 Middlewares/ST/STM32_USB_Host_Library/Class/CDC/Src/usbh_cdc.o
                0x00000000080091ac                USBH_CDC_TransmitCallback
 .text.USBH_CDC_ReceiveCallback
                0x00000000080091c0       0x14 Middlewares/ST/STM32_USB_Host_Library/Class/CDC/Src/usbh_cdc.o
                0x00000000080091c0                USBH_CDC_ReceiveCallback
 .text.USBH_CDC_LineCodingChanged
                0x00000000080091d4       0x14 Middlewares/ST/STM32_USB_Host_Library/Class/CDC/Src/usbh_cdc.o
                0x00000000080091d4                USBH_CDC_LineCodingChanged
 .text.USBH_Init
                0x00000000080091e8       0x74 Middlewares/ST/STM32_USB_Host_Library/Core/Src/usbh_core.o
                0x00000000080091e8                USBH_Init
 .text.DeInitStateMachine
                0x000000000800925c       0xa8 Middlewares/ST/STM32_USB_Host_Library/Core/Src/usbh_core.o
 .text.USBH_RegisterClass
                0x0000000008009304       0x54 Middlewares/ST/STM32_USB_Host_Library/Core/Src/usbh_core.o
                0x0000000008009304                USBH_RegisterClass
 .text.USBH_SelectInterface
                0x0000000008009358       0x38 Middlewares/ST/STM32_USB_Host_Library/Core/Src/usbh_core.o
                0x0000000008009358                USBH_SelectInterface
 .text.USBH_FindInterface
                0x0000000008009390       0x8c Middlewares/ST/STM32_USB_Host_Library/Core/Src/usbh_core.o
                0x0000000008009390                USBH_FindInterface
 .text.USBH_Start
                0x000000000800941c       0x20 Middlewares/ST/STM32_USB_Host_Library/Core/Src/usbh_core.o
                0x000000000800941c                USBH_Start
 .text.USBH_Process
                0x000000000800943c      0x3c0 Middlewares/ST/STM32_USB_Host_Library/Core/Src/usbh_core.o
                0x000000000800943c                USBH_Process
 .text.USBH_HandleEnum
                0x00000000080097fc      0x3c8 Middlewares/ST/STM32_USB_Host_Library/Core/Src/usbh_core.o
 .text.USBH_LL_SetTimer
                0x0000000008009bc4       0x1e Middlewares/ST/STM32_USB_Host_Library/Core/Src/usbh_core.o
                0x0000000008009bc4                USBH_LL_SetTimer
 .text.USBH_LL_IncTimer
                0x0000000008009be2       0x24 Middlewares/ST/STM32_USB_Host_Library/Core/Src/usbh_core.o
                0x0000000008009be2                USBH_LL_IncTimer
 .text.USBH_HandleSof
                0x0000000008009c06       0x30 Middlewares/ST/STM32_USB_Host_Library/Core/Src/usbh_core.o
 .text.USBH_LL_PortEnabled
                0x0000000008009c36       0x1c Middlewares/ST/STM32_USB_Host_Library/Core/Src/usbh_core.o
                0x0000000008009c36                USBH_LL_PortEnabled
 .text.USBH_LL_PortDisabled
                0x0000000008009c52       0x1c Middlewares/ST/STM32_USB_Host_Library/Core/Src/usbh_core.o
                0x0000000008009c52                USBH_LL_PortDisabled
 .text.USBH_LL_Connect
                0x0000000008009c6e       0x2e Middlewares/ST/STM32_USB_Host_Library/Core/Src/usbh_core.o
                0x0000000008009c6e                USBH_LL_Connect
 .text.USBH_LL_Disconnect
                0x0000000008009c9c       0x48 Middlewares/ST/STM32_USB_Host_Library/Core/Src/usbh_core.o
                0x0000000008009c9c                USBH_LL_Disconnect
 .text.USBH_Get_DevDesc
                0x0000000008009ce4       0x50 Middlewares/ST/STM32_USB_Host_Library/Core/Src/usbh_ctlreq.o
                0x0000000008009ce4                USBH_Get_DevDesc
 .text.USBH_Get_CfgDesc
                0x0000000008009d34       0x48 Middlewares/ST/STM32_USB_Host_Library/Core/Src/usbh_ctlreq.o
                0x0000000008009d34                USBH_Get_CfgDesc
 .text.USBH_Get_StringDesc
                0x0000000008009d7c       0x56 Middlewares/ST/STM32_USB_Host_Library/Core/Src/usbh_ctlreq.o
                0x0000000008009d7c                USBH_Get_StringDesc
 .text.USBH_GetDescriptor
                0x0000000008009dd2       0x6a Middlewares/ST/STM32_USB_Host_Library/Core/Src/usbh_ctlreq.o
                0x0000000008009dd2                USBH_GetDescriptor
 .text.USBH_SetAddress
                0x0000000008009e3c       0x48 Middlewares/ST/STM32_USB_Host_Library/Core/Src/usbh_ctlreq.o
                0x0000000008009e3c                USBH_SetAddress
 .text.USBH_SetCfg
                0x0000000008009e84       0x46 Middlewares/ST/STM32_USB_Host_Library/Core/Src/usbh_ctlreq.o
                0x0000000008009e84                USBH_SetCfg
 .text.USBH_SetFeature
                0x0000000008009eca       0x48 Middlewares/ST/STM32_USB_Host_Library/Core/Src/usbh_ctlreq.o
                0x0000000008009eca                USBH_SetFeature
 .text.USBH_ClrFeature
                0x0000000008009f12       0x48 Middlewares/ST/STM32_USB_Host_Library/Core/Src/usbh_ctlreq.o
                0x0000000008009f12                USBH_ClrFeature
 .text.USBH_ParseDevDesc
                0x0000000008009f5a       0xe0 Middlewares/ST/STM32_USB_Host_Library/Core/Src/usbh_ctlreq.o
 .text.USBH_ParseCfgDesc
                0x000000000800a03a      0x144 Middlewares/ST/STM32_USB_Host_Library/Core/Src/usbh_ctlreq.o
 .text.USBH_ParseInterfaceDesc
                0x000000000800a17e       0x5e Middlewares/ST/STM32_USB_Host_Library/Core/Src/usbh_ctlreq.o
 .text.USBH_ParseEPDesc
                0x000000000800a1dc       0x5a Middlewares/ST/STM32_USB_Host_Library/Core/Src/usbh_ctlreq.o
 .text.USBH_ParseStringDesc
                0x000000000800a236       0x66 Middlewares/ST/STM32_USB_Host_Library/Core/Src/usbh_ctlreq.o
 .text.USBH_GetNextDesc
                0x000000000800a29c       0x36 Middlewares/ST/STM32_USB_Host_Library/Core/Src/usbh_ctlreq.o
                0x000000000800a29c                USBH_GetNextDesc
 .text.USBH_CtlReq
                0x000000000800a2d2       0x7a Middlewares/ST/STM32_USB_Host_Library/Core/Src/usbh_ctlreq.o
                0x000000000800a2d2                USBH_CtlReq
 .text.USBH_HandleControl
                0x000000000800a34c      0x2ec Middlewares/ST/STM32_USB_Host_Library/Core/Src/usbh_ctlreq.o
 .text.USBH_CtlSendSetup
                0x000000000800a638       0x34 Middlewares/ST/STM32_USB_Host_Library/Core/Src/usbh_ioreq.o
                0x000000000800a638                USBH_CtlSendSetup
 .text.USBH_CtlSendData
                0x000000000800a66c       0x4a Middlewares/ST/STM32_USB_Host_Library/Core/Src/usbh_ioreq.o
                0x000000000800a66c                USBH_CtlSendData
 .text.USBH_CtlReceiveData
                0x000000000800a6b6       0x3c Middlewares/ST/STM32_USB_Host_Library/Core/Src/usbh_ioreq.o
                0x000000000800a6b6                USBH_CtlReceiveData
 .text.USBH_BulkSendData
                0x000000000800a6f2       0x4a Middlewares/ST/STM32_USB_Host_Library/Core/Src/usbh_ioreq.o
                0x000000000800a6f2                USBH_BulkSendData
 .text.USBH_BulkReceiveData
                0x000000000800a73c       0x3c Middlewares/ST/STM32_USB_Host_Library/Core/Src/usbh_ioreq.o
                0x000000000800a73c                USBH_BulkReceiveData
 .text.USBH_OpenPipe
                0x000000000800a778       0x3e Middlewares/ST/STM32_USB_Host_Library/Core/Src/usbh_pipes.o
                0x000000000800a778                USBH_OpenPipe
 .text.USBH_ClosePipe
                0x000000000800a7b6       0x20 Middlewares/ST/STM32_USB_Host_Library/Core/Src/usbh_pipes.o
                0x000000000800a7b6                USBH_ClosePipe
 .text.USBH_AllocPipe
                0x000000000800a7d6       0x42 Middlewares/ST/STM32_USB_Host_Library/Core/Src/usbh_pipes.o
                0x000000000800a7d6                USBH_AllocPipe
 .text.USBH_FreePipe
                0x000000000800a818       0x3c Middlewares/ST/STM32_USB_Host_Library/Core/Src/usbh_pipes.o
                0x000000000800a818                USBH_FreePipe
 .text.USBH_GetFreePipe
                0x000000000800a854       0x48 Middlewares/ST/STM32_USB_Host_Library/Core/Src/usbh_pipes.o
 .text.MX_USB_HOST_Init
                0x000000000800a89c       0x4c USB_HOST/App/usb_host.o
                0x000000000800a89c                MX_USB_HOST_Init
 .text.MX_USB_HOST_Process
                0x000000000800a8e8       0x14 USB_HOST/App/usb_host.o
                0x000000000800a8e8                MX_USB_HOST_Process
 .text.USBH_UserProcess
                0x000000000800a8fc       0x5c USB_HOST/App/usb_host.o
 .text.HAL_HCD_MspInit
                0x000000000800a958       0xc4 USB_HOST/Target/usbh_conf.o
                0x000000000800a958                HAL_HCD_MspInit
 .text.HAL_HCD_SOF_Callback
                0x000000000800aa1c       0x1c USB_HOST/Target/usbh_conf.o
                0x000000000800aa1c                HAL_HCD_SOF_Callback
 .text.HAL_HCD_Connect_Callback
                0x000000000800aa38       0x1c USB_HOST/Target/usbh_conf.o
                0x000000000800aa38                HAL_HCD_Connect_Callback
 .text.HAL_HCD_Disconnect_Callback
                0x000000000800aa54       0x1c USB_HOST/Target/usbh_conf.o
                0x000000000800aa54                HAL_HCD_Disconnect_Callback
 .text.HAL_HCD_HC_NotifyURBChange_Callback
                0x000000000800aa70       0x1c USB_HOST/Target/usbh_conf.o
                0x000000000800aa70                HAL_HCD_HC_NotifyURBChange_Callback
 .text.HAL_HCD_PortEnabled_Callback
                0x000000000800aa8c       0x1c USB_HOST/Target/usbh_conf.o
                0x000000000800aa8c                HAL_HCD_PortEnabled_Callback
 .text.HAL_HCD_PortDisabled_Callback
                0x000000000800aaa8       0x1c USB_HOST/Target/usbh_conf.o
                0x000000000800aaa8                HAL_HCD_PortDisabled_Callback
 .text.USBH_LL_Init
                0x000000000800aac4       0x78 USB_HOST/Target/usbh_conf.o
                0x000000000800aac4                USBH_LL_Init
 .text.USBH_LL_Start
                0x000000000800ab3c       0x36 USB_HOST/Target/usbh_conf.o
                0x000000000800ab3c                USBH_LL_Start
 .text.USBH_LL_Stop
                0x000000000800ab72       0x36 USB_HOST/Target/usbh_conf.o
                0x000000000800ab72                USBH_LL_Stop
 .text.USBH_LL_GetSpeed
                0x000000000800aba8       0x4a USB_HOST/Target/usbh_conf.o
                0x000000000800aba8                USBH_LL_GetSpeed
 .text.USBH_LL_ResetPort
                0x000000000800abf2       0x36 USB_HOST/Target/usbh_conf.o
                0x000000000800abf2                USBH_LL_ResetPort
 .text.USBH_LL_GetLastXferSize
                0x000000000800ac28       0x26 USB_HOST/Target/usbh_conf.o
                0x000000000800ac28                USBH_LL_GetLastXferSize
 .text.USBH_LL_OpenPipe
                0x000000000800ac4e       0x5e USB_HOST/Target/usbh_conf.o
                0x000000000800ac4e                USBH_LL_OpenPipe
 .text.USBH_LL_ClosePipe
                0x000000000800acac       0x3e USB_HOST/Target/usbh_conf.o
                0x000000000800acac                USBH_LL_ClosePipe
 .text.USBH_LL_SubmitURB
                0x000000000800acea       0x62 USB_HOST/Target/usbh_conf.o
                0x000000000800acea                USBH_LL_SubmitURB
 .text.USBH_LL_GetURBState
                0x000000000800ad4c       0x26 USB_HOST/Target/usbh_conf.o
                0x000000000800ad4c                USBH_LL_GetURBState
 .text.USBH_LL_DriverVBUS
                0x000000000800ad72       0x2e USB_HOST/Target/usbh_conf.o
                0x000000000800ad72                USBH_LL_DriverVBUS
 .text.USBH_LL_SetToggle
                0x000000000800ada0       0x66 USB_HOST/Target/usbh_conf.o
                0x000000000800ada0                USBH_LL_SetToggle
 .text.USBH_Delay
                0x000000000800ae06       0x16 USB_HOST/Target/usbh_conf.o
                0x000000000800ae06                USBH_Delay
 .text.USBH_Get_USB_Status
                0x000000000800ae1c       0x58 USB_HOST/Target/usbh_conf.o
                0x000000000800ae1c                USBH_Get_USB_Status
 .text.MX_DriverVbusFS
                0x000000000800ae74       0x38 USB_HOST/Target/usbh_platform.o
                0x000000000800ae74                MX_DriverVbusFS
 .text.atoi     0x000000000800aeac        0x8 c:/st/stm32cubeide_1.5.0/stm32cubeide/plugins/com.st.stm32cube.ide.mcu.externaltools.gnu-tools-for-stm32.7-2018-q2-update.win32_1.5.0.202011040924/tools/bin/../lib/gcc/arm-none-eabi/7.3.1/../../../../arm-none-eabi/lib/thumb/v7e-m/fpv4-sp/hard\libc_nano.a(lib_a-atoi.o)
                0x000000000800aeac                atoi
 .text.__errno  0x000000000800aeb4        0xc c:/st/stm32cubeide_1.5.0/stm32cubeide/plugins/com.st.stm32cube.ide.mcu.externaltools.gnu-tools-for-stm32.7-2018-q2-update.win32_1.5.0.202011040924/tools/bin/../lib/gcc/arm-none-eabi/7.3.1/../../../../arm-none-eabi/lib/thumb/v7e-m/fpv4-sp/hard\libc_nano.a(lib_a-errno.o)
                0x000000000800aeb4                __errno
 .text.__libc_init_array
                0x000000000800aec0       0x48 c:/st/stm32cubeide_1.5.0/stm32cubeide/plugins/com.st.stm32cube.ide.mcu.externaltools.gnu-tools-for-stm32.7-2018-q2-update.win32_1.5.0.202011040924/tools/bin/../lib/gcc/arm-none-eabi/7.3.1/../../../../arm-none-eabi/lib/thumb/v7e-m/fpv4-sp/hard\libc_nano.a(lib_a-init.o)
                0x000000000800aec0                __libc_init_array
 .text.malloc   0x000000000800af08       0x10 c:/st/stm32cubeide_1.5.0/stm32cubeide/plugins/com.st.stm32cube.ide.mcu.externaltools.gnu-tools-for-stm32.7-2018-q2-update.win32_1.5.0.202011040924/tools/bin/../lib/gcc/arm-none-eabi/7.3.1/../../../../arm-none-eabi/lib/thumb/v7e-m/fpv4-sp/hard\libc_nano.a(lib_a-malloc.o)
                0x000000000800af08                malloc
 .text.free     0x000000000800af18       0x10 c:/st/stm32cubeide_1.5.0/stm32cubeide/plugins/com.st.stm32cube.ide.mcu.externaltools.gnu-tools-for-stm32.7-2018-q2-update.win32_1.5.0.202011040924/tools/bin/../lib/gcc/arm-none-eabi/7.3.1/../../../../arm-none-eabi/lib/thumb/v7e-m/fpv4-sp/hard\libc_nano.a(lib_a-malloc.o)
                0x000000000800af18                free
 .text.memset   0x000000000800af28       0x10 c:/st/stm32cubeide_1.5.0/stm32cubeide/plugins/com.st.stm32cube.ide.mcu.externaltools.gnu-tools-for-stm32.7-2018-q2-update.win32_1.5.0.202011040924/tools/bin/../lib/gcc/arm-none-eabi/7.3.1/../../../../arm-none-eabi/lib/thumb/v7e-m/fpv4-sp/hard\libc_nano.a(lib_a-memset.o)
                0x000000000800af28                memset
 .text._free_r  0x000000000800af38       0x9c c:/st/stm32cubeide_1.5.0/stm32cubeide/plugins/com.st.stm32cube.ide.mcu.externaltools.gnu-tools-for-stm32.7-2018-q2-update.win32_1.5.0.202011040924/tools/bin/../lib/gcc/arm-none-eabi/7.3.1/../../../../arm-none-eabi/lib/thumb/v7e-m/fpv4-sp/hard\libc_nano.a(lib_a-nano-freer.o)
                0x000000000800af38                _free_r
 .text._malloc_r
                0x000000000800afd4       0xb4 c:/st/stm32cubeide_1.5.0/stm32cubeide/plugins/com.st.stm32cube.ide.mcu.externaltools.gnu-tools-for-stm32.7-2018-q2-update.win32_1.5.0.202011040924/tools/bin/../lib/gcc/arm-none-eabi/7.3.1/../../../../arm-none-eabi/lib/thumb/v7e-m/fpv4-sp/hard\libc_nano.a(lib_a-nano-mallocr.o)
                0x000000000800afd4                _malloc_r
 .text._sbrk_r  0x000000000800b088       0x20 c:/st/stm32cubeide_1.5.0/stm32cubeide/plugins/com.st.stm32cube.ide.mcu.externaltools.gnu-tools-for-stm32.7-2018-q2-update.win32_1.5.0.202011040924/tools/bin/../lib/gcc/arm-none-eabi/7.3.1/../../../../arm-none-eabi/lib/thumb/v7e-m/fpv4-sp/hard\libc_nano.a(lib_a-sbrkr.o)
                0x000000000800b088                _sbrk_r
 .text.sprintf  0x000000000800b0a8       0x40 c:/st/stm32cubeide_1.5.0/stm32cubeide/plugins/com.st.stm32cube.ide.mcu.externaltools.gnu-tools-for-stm32.7-2018-q2-update.win32_1.5.0.202011040924/tools/bin/../lib/gcc/arm-none-eabi/7.3.1/../../../../arm-none-eabi/lib/thumb/v7e-m/fpv4-sp/hard\libc_nano.a(lib_a-sprintf.o)
                0x000000000800b0a8                siprintf
                0x000000000800b0a8                sprintf
 .text._strtol_l.isra.0
                0x000000000800b0e8       0xf6 c:/st/stm32cubeide_1.5.0/stm32cubeide/plugins/com.st.stm32cube.ide.mcu.externaltools.gnu-tools-for-stm32.7-2018-q2-update.win32_1.5.0.202011040924/tools/bin/../lib/gcc/arm-none-eabi/7.3.1/../../../../arm-none-eabi/lib/thumb/v7e-m/fpv4-sp/hard\libc_nano.a(lib_a-strtol.o)
 *fill*         0x000000000800b1de        0x2 
 .text.strtol   0x000000000800b1e0       0x2c c:/st/stm32cubeide_1.5.0/stm32cubeide/plugins/com.st.stm32cube.ide.mcu.externaltools.gnu-tools-for-stm32.7-2018-q2-update.win32_1.5.0.202011040924/tools/bin/../lib/gcc/arm-none-eabi/7.3.1/../../../../arm-none-eabi/lib/thumb/v7e-m/fpv4-sp/hard\libc_nano.a(lib_a-strtol.o)
                0x000000000800b1e0                strtol
 .text.__locale_ctype_ptr_l
                0x000000000800b20c        0x6 c:/st/stm32cubeide_1.5.0/stm32cubeide/plugins/com.st.stm32cube.ide.mcu.externaltools.gnu-tools-for-stm32.7-2018-q2-update.win32_1.5.0.202011040924/tools/bin/../lib/gcc/arm-none-eabi/7.3.1/../../../../arm-none-eabi/lib/thumb/v7e-m/fpv4-sp/hard\libc_nano.a(lib_a-locale.o)
                0x000000000800b20c                __locale_ctype_ptr_l
 .text.__ascii_mbtowc
                0x000000000800b212       0x24 c:/st/stm32cubeide_1.5.0/stm32cubeide/plugins/com.st.stm32cube.ide.mcu.externaltools.gnu-tools-for-stm32.7-2018-q2-update.win32_1.5.0.202011040924/tools/bin/../lib/gcc/arm-none-eabi/7.3.1/../../../../arm-none-eabi/lib/thumb/v7e-m/fpv4-sp/hard\libc_nano.a(lib_a-mbtowc_r.o)
                0x000000000800b212                __ascii_mbtowc
 .text.__malloc_lock
                0x000000000800b236        0x2 c:/st/stm32cubeide_1.5.0/stm32cubeide/plugins/com.st.stm32cube.ide.mcu.externaltools.gnu-tools-for-stm32.7-2018-q2-update.win32_1.5.0.202011040924/tools/bin/../lib/gcc/arm-none-eabi/7.3.1/../../../../arm-none-eabi/lib/thumb/v7e-m/fpv4-sp/hard\libc_nano.a(lib_a-mlock.o)
                0x000000000800b236                __malloc_lock
 .text.__malloc_unlock
                0x000000000800b238        0x2 c:/st/stm32cubeide_1.5.0/stm32cubeide/plugins/com.st.stm32cube.ide.mcu.externaltools.gnu-tools-for-stm32.7-2018-q2-update.win32_1.5.0.202011040924/tools/bin/../lib/gcc/arm-none-eabi/7.3.1/../../../../arm-none-eabi/lib/thumb/v7e-m/fpv4-sp/hard\libc_nano.a(lib_a-mlock.o)
                0x000000000800b238                __malloc_unlock
 .text.__ssputs_r
                0x000000000800b23a       0xb4 c:/st/stm32cubeide_1.5.0/stm32cubeide/plugins/com.st.stm32cube.ide.mcu.externaltools.gnu-tools-for-stm32.7-2018-q2-update.win32_1.5.0.202011040924/tools/bin/../lib/gcc/arm-none-eabi/7.3.1/../../../../arm-none-eabi/lib/thumb/v7e-m/fpv4-sp/hard\libc_nano.a(lib_a-nano-svfprintf.o)
                0x000000000800b23a                __ssputs_r
 *fill*         0x000000000800b2ee        0x2 
 .text._svfprintf_r
                0x000000000800b2f0      0x1f0 c:/st/stm32cubeide_1.5.0/stm32cubeide/plugins/com.st.stm32cube.ide.mcu.externaltools.gnu-tools-for-stm32.7-2018-q2-update.win32_1.5.0.202011040924/tools/bin/../lib/gcc/arm-none-eabi/7.3.1/../../../../arm-none-eabi/lib/thumb/v7e-m/fpv4-sp/hard\libc_nano.a(lib_a-nano-svfprintf.o)
                0x000000000800b2f0                _svfiprintf_r
                0x000000000800b2f0                _svfprintf_r
 .text._printf_common
                0x000000000800b4e0       0xea c:/st/stm32cubeide_1.5.0/stm32cubeide/plugins/com.st.stm32cube.ide.mcu.externaltools.gnu-tools-for-stm32.7-2018-q2-update.win32_1.5.0.202011040924/tools/bin/../lib/gcc/arm-none-eabi/7.3.1/../../../../arm-none-eabi/lib/thumb/v7e-m/fpv4-sp/hard\libc_nano.a(lib_a-nano-vfprintf_i.o)
                0x000000000800b4e0                _printf_common
 *fill*         0x000000000800b5ca        0x2 
 .text._printf_i
                0x000000000800b5cc      0x224 c:/st/stm32cubeide_1.5.0/stm32cubeide/plugins/com.st.stm32cube.ide.mcu.externaltools.gnu-tools-for-stm32.7-2018-q2-update.win32_1.5.0.202011040924/tools/bin/../lib/gcc/arm-none-eabi/7.3.1/../../../../arm-none-eabi/lib/thumb/v7e-m/fpv4-sp/hard\libc_nano.a(lib_a-nano-vfprintf_i.o)
                0x000000000800b5cc                _printf_i
 .text.__ascii_wctomb
                0x000000000800b7f0       0x1a c:/st/stm32cubeide_1.5.0/stm32cubeide/plugins/com.st.stm32cube.ide.mcu.externaltools.gnu-tools-for-stm32.7-2018-q2-update.win32_1.5.0.202011040924/tools/bin/../lib/gcc/arm-none-eabi/7.3.1/../../../../arm-none-eabi/lib/thumb/v7e-m/fpv4-sp/hard\libc_nano.a(lib_a-wctomb_r.o)
                0x000000000800b7f0                __ascii_wctomb
 .text.memcpy   0x000000000800b80a       0x16 c:/st/stm32cubeide_1.5.0/stm32cubeide/plugins/com.st.stm32cube.ide.mcu.externaltools.gnu-tools-for-stm32.7-2018-q2-update.win32_1.5.0.202011040924/tools/bin/../lib/gcc/arm-none-eabi/7.3.1/../../../../arm-none-eabi/lib/thumb/v7e-m/fpv4-sp/hard\libc_nano.a(lib_a-memcpy-stub.o)
                0x000000000800b80a                memcpy
 .text.memmove  0x000000000800b820       0x32 c:/st/stm32cubeide_1.5.0/stm32cubeide/plugins/com.st.stm32cube.ide.mcu.externaltools.gnu-tools-for-stm32.7-2018-q2-update.win32_1.5.0.202011040924/tools/bin/../lib/gcc/arm-none-eabi/7.3.1/../../../../arm-none-eabi/lib/thumb/v7e-m/fpv4-sp/hard\libc_nano.a(lib_a-memmove.o)
                0x000000000800b820                memmove
 .text._realloc_r
                0x000000000800b852       0x4c c:/st/stm32cubeide_1.5.0/stm32cubeide/plugins/com.st.stm32cube.ide.mcu.externaltools.gnu-tools-for-stm32.7-2018-q2-update.win32_1.5.0.202011040924/tools/bin/../lib/gcc/arm-none-eabi/7.3.1/../../../../arm-none-eabi/lib/thumb/v7e-m/fpv4-sp/hard\libc_nano.a(lib_a-nano-reallocr.o)
                0x000000000800b852                _realloc_r
 .text._malloc_usable_size_r
                0x000000000800b89e       0x10 c:/st/stm32cubeide_1.5.0/stm32cubeide/plugins/com.st.stm32cube.ide.mcu.externaltools.gnu-tools-for-stm32.7-2018-q2-update.win32_1.5.0.202011040924/tools/bin/../lib/gcc/arm-none-eabi/7.3.1/../../../../arm-none-eabi/lib/thumb/v7e-m/fpv4-sp/hard\libc_nano.a(lib_a-nano-msizer.o)
                0x000000000800b89e                _malloc_usable_size_r
 *(.glue_7)
 .glue_7        0x000000000800b8ae        0x0 linker stubs
 *(.glue_7t)
 .glue_7t       0x000000000800b8ae        0x0 linker stubs
 *(.eh_frame)
 *fill*         0x000000000800b8ae        0x2 
 .eh_frame      0x000000000800b8b0        0x0 c:/st/stm32cubeide_1.5.0/stm32cubeide/plugins/com.st.stm32cube.ide.mcu.externaltools.gnu-tools-for-stm32.7-2018-q2-update.win32_1.5.0.202011040924/tools/bin/../lib/gcc/arm-none-eabi/7.3.1/thumb/v7e-m/fpv4-sp/hard/crtbegin.o
 *(.init)
 .init          0x000000000800b8b0        0x4 c:/st/stm32cubeide_1.5.0/stm32cubeide/plugins/com.st.stm32cube.ide.mcu.externaltools.gnu-tools-for-stm32.7-2018-q2-update.win32_1.5.0.202011040924/tools/bin/../lib/gcc/arm-none-eabi/7.3.1/thumb/v7e-m/fpv4-sp/hard/crti.o
                0x000000000800b8b0                _init
 .init          0x000000000800b8b4        0x8 c:/st/stm32cubeide_1.5.0/stm32cubeide/plugins/com.st.stm32cube.ide.mcu.externaltools.gnu-tools-for-stm32.7-2018-q2-update.win32_1.5.0.202011040924/tools/bin/../lib/gcc/arm-none-eabi/7.3.1/thumb/v7e-m/fpv4-sp/hard/crtn.o
 *(.fini)
 .fini          0x000000000800b8bc        0x4 c:/st/stm32cubeide_1.5.0/stm32cubeide/plugins/com.st.stm32cube.ide.mcu.externaltools.gnu-tools-for-stm32.7-2018-q2-update.win32_1.5.0.202011040924/tools/bin/../lib/gcc/arm-none-eabi/7.3.1/thumb/v7e-m/fpv4-sp/hard/crti.o
                0x000000000800b8bc                _fini
 .fini          0x000000000800b8c0        0x8 c:/st/stm32cubeide_1.5.0/stm32cubeide/plugins/com.st.stm32cube.ide.mcu.externaltools.gnu-tools-for-stm32.7-2018-q2-update.win32_1.5.0.202011040924/tools/bin/../lib/gcc/arm-none-eabi/7.3.1/thumb/v7e-m/fpv4-sp/hard/crtn.o
                0x000000000800b8c8                . = ALIGN (0x4)
                0x000000000800b8c8                _etext = .

.vfp11_veneer   0x000000000800b8c8        0x0
 .vfp11_veneer  0x000000000800b8c8        0x0 linker stubs

.v4_bx          0x000000000800b8c8        0x0
 .v4_bx         0x000000000800b8c8        0x0 linker stubs

.iplt           0x000000000800b8c8        0x0
 .iplt          0x000000000800b8c8        0x0 c:/st/stm32cubeide_1.5.0/stm32cubeide/plugins/com.st.stm32cube.ide.mcu.externaltools.gnu-tools-for-stm32.7-2018-q2-update.win32_1.5.0.202011040924/tools/bin/../lib/gcc/arm-none-eabi/7.3.1/thumb/v7e-m/fpv4-sp/hard/crtbegin.o

.rodata         0x000000000800b8c8      0x174
                0x000000000800b8c8                . = ALIGN (0x4)
 *(.rodata)
 .rodata        0x000000000800b8c8       0x10 Core/Src/main.o
 .rodata        0x000000000800b8d8        0x4 Middlewares/ST/STM32_USB_Host_Library/Class/CDC/Src/usbh_cdc.o
 *(.rodata*)
 .rodata.AHBPrescTable
                0x000000000800b8dc       0x10 Core/Src/system_stm32f4xx.o
                0x000000000800b8dc                AHBPrescTable
 .rodata.APBPrescTable
                0x000000000800b8ec        0x8 Core/Src/system_stm32f4xx.o
                0x000000000800b8ec                APBPrescTable
 .rodata.flagBitshiftOffset.9036
                0x000000000800b8f4        0x8 Drivers/STM32F4xx_HAL_Driver/Src/stm32f4xx_hal_dma.o
 .rodata._setlocale_r.str1.1
                0x000000000800b8fc        0x8 c:/st/stm32cubeide_1.5.0/stm32cubeide/plugins/com.st.stm32cube.ide.mcu.externaltools.gnu-tools-for-stm32.7-2018-q2-update.win32_1.5.0.202011040924/tools/bin/../lib/gcc/arm-none-eabi/7.3.1/../../../../arm-none-eabi/lib/thumb/v7e-m/fpv4-sp/hard\libc_nano.a(lib_a-locale.o)
                                          0x9 (size before relaxing)
 .rodata.str1.1
                0x000000000800b904        0x2 c:/st/stm32cubeide_1.5.0/stm32cubeide/plugins/com.st.stm32cube.ide.mcu.externaltools.gnu-tools-for-stm32.7-2018-q2-update.win32_1.5.0.202011040924/tools/bin/../lib/gcc/arm-none-eabi/7.3.1/../../../../arm-none-eabi/lib/thumb/v7e-m/fpv4-sp/hard\libc_nano.a(lib_a-locale.o)
 .rodata._svfprintf_r.str1.1
                0x000000000800b906       0x11 c:/st/stm32cubeide_1.5.0/stm32cubeide/plugins/com.st.stm32cube.ide.mcu.externaltools.gnu-tools-for-stm32.7-2018-q2-update.win32_1.5.0.202011040924/tools/bin/../lib/gcc/arm-none-eabi/7.3.1/../../../../arm-none-eabi/lib/thumb/v7e-m/fpv4-sp/hard\libc_nano.a(lib_a-nano-svfprintf.o)
 .rodata._printf_i.str1.1
                0x000000000800b917       0x22 c:/st/stm32cubeide_1.5.0/stm32cubeide/plugins/com.st.stm32cube.ide.mcu.externaltools.gnu-tools-for-stm32.7-2018-q2-update.win32_1.5.0.202011040924/tools/bin/../lib/gcc/arm-none-eabi/7.3.1/../../../../arm-none-eabi/lib/thumb/v7e-m/fpv4-sp/hard\libc_nano.a(lib_a-nano-vfprintf_i.o)
 .rodata._ctype_
                0x000000000800b939      0x101 c:/st/stm32cubeide_1.5.0/stm32cubeide/plugins/com.st.stm32cube.ide.mcu.externaltools.gnu-tools-for-stm32.7-2018-q2-update.win32_1.5.0.202011040924/tools/bin/../lib/gcc/arm-none-eabi/7.3.1/../../../../arm-none-eabi/lib/thumb/v7e-m/fpv4-sp/hard\libc_nano.a(lib_a-ctype_.o)
                0x000000000800b939                _ctype_
                0x000000000800ba3c                . = ALIGN (0x4)
 *fill*         0x000000000800ba3a        0x2 

.ARM.extab      0x000000000800ba3c        0x0
                0x000000000800ba3c                . = ALIGN (0x4)
 *(.ARM.extab* .gnu.linkonce.armextab.*)
                0x000000000800ba3c                . = ALIGN (0x4)

.ARM            0x000000000800ba3c        0x8
                0x000000000800ba3c                . = ALIGN (0x4)
                0x000000000800ba3c                __exidx_start = .
 *(.ARM.exidx*)
 .ARM.exidx     0x000000000800ba3c        0x8 c:/st/stm32cubeide_1.5.0/stm32cubeide/plugins/com.st.stm32cube.ide.mcu.externaltools.gnu-tools-for-stm32.7-2018-q2-update.win32_1.5.0.202011040924/tools/bin/../lib/gcc/arm-none-eabi/7.3.1/thumb/v7e-m/fpv4-sp/hard\libgcc.a(_udivmoddi4.o)
                0x000000000800ba44                __exidx_end = .
                0x000000000800ba44                . = ALIGN (0x4)

.rel.dyn        0x000000000800ba44        0x0
 .rel.iplt      0x000000000800ba44        0x0 c:/st/stm32cubeide_1.5.0/stm32cubeide/plugins/com.st.stm32cube.ide.mcu.externaltools.gnu-tools-for-stm32.7-2018-q2-update.win32_1.5.0.202011040924/tools/bin/../lib/gcc/arm-none-eabi/7.3.1/thumb/v7e-m/fpv4-sp/hard/crtbegin.o

.preinit_array  0x000000000800ba44        0x0
                0x000000000800ba44                . = ALIGN (0x4)
                0x000000000800ba44                PROVIDE (__preinit_array_start = .)
 *(.preinit_array*)
                0x000000000800ba44                PROVIDE (__preinit_array_end = .)
                0x000000000800ba44                . = ALIGN (0x4)

.init_array     0x000000000800ba44        0x4
                0x000000000800ba44                . = ALIGN (0x4)
                0x000000000800ba44                PROVIDE (__init_array_start = .)
 *(SORT_BY_NAME(.init_array.*))
 *(.init_array*)
 .init_array    0x000000000800ba44        0x4 c:/st/stm32cubeide_1.5.0/stm32cubeide/plugins/com.st.stm32cube.ide.mcu.externaltools.gnu-tools-for-stm32.7-2018-q2-update.win32_1.5.0.202011040924/tools/bin/../lib/gcc/arm-none-eabi/7.3.1/thumb/v7e-m/fpv4-sp/hard/crtbegin.o
                0x000000000800ba48                PROVIDE (__init_array_end = .)
                0x000000000800ba48                . = ALIGN (0x4)

.fini_array     0x000000000800ba48        0x4
                0x000000000800ba48                . = ALIGN (0x4)
                [!provide]                        PROVIDE (__fini_array_start = .)
 *(SORT_BY_NAME(.fini_array.*))
 *(.fini_array*)
 .fini_array    0x000000000800ba48        0x4 c:/st/stm32cubeide_1.5.0/stm32cubeide/plugins/com.st.stm32cube.ide.mcu.externaltools.gnu-tools-for-stm32.7-2018-q2-update.win32_1.5.0.202011040924/tools/bin/../lib/gcc/arm-none-eabi/7.3.1/thumb/v7e-m/fpv4-sp/hard/crtbegin.o
                [!provide]                        PROVIDE (__fini_array_end = .)
                0x000000000800ba4c                . = ALIGN (0x4)
                0x000000000800ba4c                _sidata = LOADADDR (.data)

.data           0x0000000020000000      0x1fc load address 0x000000000800ba4c
                0x0000000020000000                . = ALIGN (0x4)
                0x0000000020000000                _sdata = .
 *(.data)
 *(.data*)
 .data.SystemCoreClock
                0x0000000020000000        0x4 Core/Src/system_stm32f4xx.o
                0x0000000020000000                SystemCoreClock
 .data.uwTickPrio
                0x0000000020000004        0x4 Drivers/STM32F4xx_HAL_Driver/Src/stm32f4xx_hal.o
                0x0000000020000004                uwTickPrio
 .data.uwTickFreq
                0x0000000020000008        0x1 Drivers/STM32F4xx_HAL_Driver/Src/stm32f4xx_hal.o
                0x0000000020000008                uwTickFreq
 *fill*         0x0000000020000009        0x3 
 .data.CDC_Class
                0x000000002000000c       0x20 Middlewares/ST/STM32_USB_Host_Library/Class/CDC/Src/usbh_cdc.o
                0x000000002000000c                CDC_Class
 .data._impure_ptr
                0x000000002000002c        0x4 c:/st/stm32cubeide_1.5.0/stm32cubeide/plugins/com.st.stm32cube.ide.mcu.externaltools.gnu-tools-for-stm32.7-2018-q2-update.win32_1.5.0.202011040924/tools/bin/../lib/gcc/arm-none-eabi/7.3.1/../../../../arm-none-eabi/lib/thumb/v7e-m/fpv4-sp/hard\libc_nano.a(lib_a-impure.o)
                0x000000002000002c                _impure_ptr
 .data.impure_data
                0x0000000020000030       0x60 c:/st/stm32cubeide_1.5.0/stm32cubeide/plugins/com.st.stm32cube.ide.mcu.externaltools.gnu-tools-for-stm32.7-2018-q2-update.win32_1.5.0.202011040924/tools/bin/../lib/gcc/arm-none-eabi/7.3.1/../../../../arm-none-eabi/lib/thumb/v7e-m/fpv4-sp/hard\libc_nano.a(lib_a-impure.o)
 .data.__global_locale
                0x0000000020000090      0x16c c:/st/stm32cubeide_1.5.0/stm32cubeide/plugins/com.st.stm32cube.ide.mcu.externaltools.gnu-tools-for-stm32.7-2018-q2-update.win32_1.5.0.202011040924/tools/bin/../lib/gcc/arm-none-eabi/7.3.1/../../../../arm-none-eabi/lib/thumb/v7e-m/fpv4-sp/hard\libc_nano.a(lib_a-locale.o)
                0x0000000020000090                __global_locale
 *(.RamFunc)
 *(.RamFunc*)
                0x00000000200001fc                . = ALIGN (0x4)
                0x00000000200001fc                _edata = .

.igot.plt       0x00000000200001fc        0x0 load address 0x000000000800bc48
 .igot.plt      0x00000000200001fc        0x0 c:/st/stm32cubeide_1.5.0/stm32cubeide/plugins/com.st.stm32cube.ide.mcu.externaltools.gnu-tools-for-stm32.7-2018-q2-update.win32_1.5.0.202011040924/tools/bin/../lib/gcc/arm-none-eabi/7.3.1/thumb/v7e-m/fpv4-sp/hard/crtbegin.o
                0x00000000200001fc                . = ALIGN (0x4)

.bss            0x00000000200001fc      0xa18 load address 0x000000000800bc48
                0x00000000200001fc                _sbss = .
                0x00000000200001fc                __bss_start__ = _sbss
 *(.bss)
 .bss           0x00000000200001fc       0x1c c:/st/stm32cubeide_1.5.0/stm32cubeide/plugins/com.st.stm32cube.ide.mcu.externaltools.gnu-tools-for-stm32.7-2018-q2-update.win32_1.5.0.202011040924/tools/bin/../lib/gcc/arm-none-eabi/7.3.1/thumb/v7e-m/fpv4-sp/hard/crtbegin.o
 *(.bss*)
 .bss.timer_state
                0x0000000020000218        0x1 Core/Src/main.o
                0x0000000020000218                timer_state
 .bss.receive_state
                0x0000000020000219        0x1 Core/Src/main.o
                0x0000000020000219                receive_state
 .bss.Duty      0x000000002000021a        0x1 Core/Src/main.o
                0x000000002000021a                Duty
 *fill*         0x000000002000021b        0x1 
 .bss.battery   0x000000002000021c        0x2 Core/Src/main.o
 .bss.balance_level
                0x000000002000021e        0x2 Core/Src/main.o
 .bss.charging  0x0000000020000220        0x2 Core/Src/main.o
 .bss.servo     0x0000000020000222        0x2 Core/Src/main.o
 .bss.size      0x0000000020000224        0x2 Core/Src/main.o
                0x0000000020000224                size
 .bss.mode      0x0000000020000226        0x1 Core/Src/main.o
                0x0000000020000226                mode
 *fill*         0x0000000020000227        0x1 
 .bss.__sbrk_heap_end
                0x0000000020000228        0x4 Core/Src/sysmem.o
 .bss.tmpreg.9192
                0x000000002000022c        0x4 Drivers/STM32F4xx_HAL_Driver/Src/stm32f4xx_ll_usb.o
 .bss.Appli_state
                0x0000000020000230        0x1 USB_HOST/App/usb_host.o
                0x0000000020000230                Appli_state
 *fill*         0x0000000020000231        0x3 
 .bss.__malloc_free_list
                0x0000000020000234        0x4 c:/st/stm32cubeide_1.5.0/stm32cubeide/plugins/com.st.stm32cube.ide.mcu.externaltools.gnu-tools-for-stm32.7-2018-q2-update.win32_1.5.0.202011040924/tools/bin/../lib/gcc/arm-none-eabi/7.3.1/../../../../arm-none-eabi/lib/thumb/v7e-m/fpv4-sp/hard\libc_nano.a(lib_a-nano-mallocr.o)
                0x0000000020000234                __malloc_free_list
 .bss.__malloc_sbrk_start
                0x0000000020000238        0x4 c:/st/stm32cubeide_1.5.0/stm32cubeide/plugins/com.st.stm32cube.ide.mcu.externaltools.gnu-tools-for-stm32.7-2018-q2-update.win32_1.5.0.202011040924/tools/bin/../lib/gcc/arm-none-eabi/7.3.1/../../../../arm-none-eabi/lib/thumb/v7e-m/fpv4-sp/hard\libc_nano.a(lib_a-nano-mallocr.o)
                0x0000000020000238                __malloc_sbrk_start
 *(COMMON)
 COMMON         0x000000002000023c      0x332 Core/Src/main.o
                0x000000002000023c                hdma_tim4_ch2
                0x000000002000029c                htim4
                0x00000000200002dc                hi2c1
                0x0000000020000330                htim10
                0x0000000020000370                hadc1
                0x00000000200003b8                hdma_adc1
                0x0000000020000418                data
                0x000000002000047c                hspi1
                0x00000000200004d4                huart2
                0x0000000020000514                ADC_Data
                0x000000002000051c                hi2s3
                0x0000000020000564                Received_data
 *fill*         0x000000002000056e        0x2 
 COMMON         0x0000000020000570        0x4 Drivers/STM32F4xx_HAL_Driver/Src/stm32f4xx_hal.o
                0x0000000020000570                uwTick
 COMMON         0x0000000020000574      0x3d8 USB_HOST/App/usb_host.o
                0x0000000020000574                hUsbHostFS
 COMMON         0x000000002000094c      0x2c4 USB_HOST/Target/usbh_conf.o
                0x000000002000094c                hhcd_USB_OTG_FS
 COMMON         0x0000000020000c10        0x4 c:/st/stm32cubeide_1.5.0/stm32cubeide/plugins/com.st.stm32cube.ide.mcu.externaltools.gnu-tools-for-stm32.7-2018-q2-update.win32_1.5.0.202011040924/tools/bin/../lib/gcc/arm-none-eabi/7.3.1/../../../../arm-none-eabi/lib/thumb/v7e-m/fpv4-sp/hard\libc_nano.a(lib_a-reent.o)
                0x0000000020000c10                errno
                0x0000000020000c14                . = ALIGN (0x4)
                0x0000000020000c14                _ebss = .
                0x0000000020000c14                __bss_end__ = _ebss

._user_heap_stack
                0x0000000020000c14      0x604 load address 0x000000000800bc48
                0x0000000020000c18                . = ALIGN (0x8)
 *fill*         0x0000000020000c14        0x4 
                [!provide]                        PROVIDE (end = .)
                0x0000000020000c18                PROVIDE (_end = .)
                0x0000000020000e18                . = (. + _Min_Heap_Size)
 *fill*         0x0000000020000c18      0x200 
                0x0000000020001218                . = (. + _Min_Stack_Size)
 *fill*         0x0000000020000e18      0x400 
                0x0000000020001218                . = ALIGN (0x8)

/DISCARD/
 libc.a(*)
 libm.a(*)
 libgcc.a(*)

.ARM.attributes
                0x0000000000000000       0x30
 *(.ARM.attributes)
 .ARM.attributes
                0x0000000000000000       0x22 c:/st/stm32cubeide_1.5.0/stm32cubeide/plugins/com.st.stm32cube.ide.mcu.externaltools.gnu-tools-for-stm32.7-2018-q2-update.win32_1.5.0.202011040924/tools/bin/../lib/gcc/arm-none-eabi/7.3.1/thumb/v7e-m/fpv4-sp/hard/crti.o
 .ARM.attributes
                0x0000000000000022       0x34 c:/st/stm32cubeide_1.5.0/stm32cubeide/plugins/com.st.stm32cube.ide.mcu.externaltools.gnu-tools-for-stm32.7-2018-q2-update.win32_1.5.0.202011040924/tools/bin/../lib/gcc/arm-none-eabi/7.3.1/thumb/v7e-m/fpv4-sp/hard/crtbegin.o
 .ARM.attributes
                0x0000000000000056       0x39 Core/Src/main.o
 .ARM.attributes
                0x000000000000008f       0x39 Core/Src/stm32f4xx_hal_msp.o
 .ARM.attributes
                0x00000000000000c8       0x39 Core/Src/stm32f4xx_it.o
 .ARM.attributes
                0x0000000000000101       0x39 Core/Src/sysmem.o
 .ARM.attributes
                0x000000000000013a       0x39 Core/Src/system_stm32f4xx.o
 .ARM.attributes
                0x0000000000000173       0x21 Core/Startup/startup_stm32f407vgtx.o
 .ARM.attributes
                0x0000000000000194       0x39 Drivers/STM32F4xx_HAL_Driver/Src/stm32f4xx_hal.o
 .ARM.attributes
                0x00000000000001cd       0x39 Drivers/STM32F4xx_HAL_Driver/Src/stm32f4xx_hal_adc.o
 .ARM.attributes
                0x0000000000000206       0x39 Drivers/STM32F4xx_HAL_Driver/Src/stm32f4xx_hal_cortex.o
 .ARM.attributes
                0x000000000000023f       0x39 Drivers/STM32F4xx_HAL_Driver/Src/stm32f4xx_hal_dma.o
 .ARM.attributes
                0x0000000000000278       0x39 Drivers/STM32F4xx_HAL_Driver/Src/stm32f4xx_hal_gpio.o
 .ARM.attributes
                0x00000000000002b1       0x39 Drivers/STM32F4xx_HAL_Driver/Src/stm32f4xx_hal_hcd.o
 .ARM.attributes
                0x00000000000002ea       0x39 Drivers/STM32F4xx_HAL_Driver/Src/stm32f4xx_hal_i2c.o
 .ARM.attributes
                0x0000000000000323       0x39 Drivers/STM32F4xx_HAL_Driver/Src/stm32f4xx_hal_i2s.o
 .ARM.attributes
                0x000000000000035c       0x39 Drivers/STM32F4xx_HAL_Driver/Src/stm32f4xx_hal_i2s_ex.o
 .ARM.attributes
                0x0000000000000395       0x39 Drivers/STM32F4xx_HAL_Driver/Src/stm32f4xx_hal_rcc.o
 .ARM.attributes
                0x00000000000003ce       0x39 Drivers/STM32F4xx_HAL_Driver/Src/stm32f4xx_hal_rcc_ex.o
 .ARM.attributes
                0x0000000000000407       0x39 Drivers/STM32F4xx_HAL_Driver/Src/stm32f4xx_hal_spi.o
 .ARM.attributes
                0x0000000000000440       0x39 Drivers/STM32F4xx_HAL_Driver/Src/stm32f4xx_hal_tim.o
 .ARM.attributes
                0x0000000000000479       0x39 Drivers/STM32F4xx_HAL_Driver/Src/stm32f4xx_hal_tim_ex.o
 .ARM.attributes
                0x00000000000004b2       0x39 Drivers/STM32F4xx_HAL_Driver/Src/stm32f4xx_hal_uart.o
 .ARM.attributes
                0x00000000000004eb       0x39 Drivers/STM32F4xx_HAL_Driver/Src/stm32f4xx_ll_usb.o
 .ARM.attributes
                0x0000000000000524       0x39 Middlewares/ST/STM32_USB_Host_Library/Class/CDC/Src/usbh_cdc.o
 .ARM.attributes
                0x000000000000055d       0x39 Middlewares/ST/STM32_USB_Host_Library/Core/Src/usbh_core.o
 .ARM.attributes
                0x0000000000000596       0x39 Middlewares/ST/STM32_USB_Host_Library/Core/Src/usbh_ctlreq.o
 .ARM.attributes
                0x00000000000005cf       0x39 Middlewares/ST/STM32_USB_Host_Library/Core/Src/usbh_ioreq.o
 .ARM.attributes
                0x0000000000000608       0x39 Middlewares/ST/STM32_USB_Host_Library/Core/Src/usbh_pipes.o
 .ARM.attributes
                0x0000000000000641       0x39 USB_HOST/App/usb_host.o
 .ARM.attributes
                0x000000000000067a       0x39 USB_HOST/Target/usbh_conf.o
 .ARM.attributes
                0x00000000000006b3       0x39 USB_HOST/Target/usbh_platform.o
 .ARM.attributes
                0x00000000000006ec       0x34 c:/st/stm32cubeide_1.5.0/stm32cubeide/plugins/com.st.stm32cube.ide.mcu.externaltools.gnu-tools-for-stm32.7-2018-q2-update.win32_1.5.0.202011040924/tools/bin/../lib/gcc/arm-none-eabi/7.3.1/../../../../arm-none-eabi/lib/thumb/v7e-m/fpv4-sp/hard\libc_nano.a(lib_a-atoi.o)
 .ARM.attributes
                0x0000000000000720       0x34 c:/st/stm32cubeide_1.5.0/stm32cubeide/plugins/com.st.stm32cube.ide.mcu.externaltools.gnu-tools-for-stm32.7-2018-q2-update.win32_1.5.0.202011040924/tools/bin/../lib/gcc/arm-none-eabi/7.3.1/../../../../arm-none-eabi/lib/thumb/v7e-m/fpv4-sp/hard\libc_nano.a(lib_a-errno.o)
 .ARM.attributes
                0x0000000000000754       0x34 c:/st/stm32cubeide_1.5.0/stm32cubeide/plugins/com.st.stm32cube.ide.mcu.externaltools.gnu-tools-for-stm32.7-2018-q2-update.win32_1.5.0.202011040924/tools/bin/../lib/gcc/arm-none-eabi/7.3.1/../../../../arm-none-eabi/lib/thumb/v7e-m/fpv4-sp/hard\libc_nano.a(lib_a-impure.o)
 .ARM.attributes
                0x0000000000000788       0x34 c:/st/stm32cubeide_1.5.0/stm32cubeide/plugins/com.st.stm32cube.ide.mcu.externaltools.gnu-tools-for-stm32.7-2018-q2-update.win32_1.5.0.202011040924/tools/bin/../lib/gcc/arm-none-eabi/7.3.1/../../../../arm-none-eabi/lib/thumb/v7e-m/fpv4-sp/hard\libc_nano.a(lib_a-init.o)
 .ARM.attributes
                0x00000000000007bc       0x34 c:/st/stm32cubeide_1.5.0/stm32cubeide/plugins/com.st.stm32cube.ide.mcu.externaltools.gnu-tools-for-stm32.7-2018-q2-update.win32_1.5.0.202011040924/tools/bin/../lib/gcc/arm-none-eabi/7.3.1/../../../../arm-none-eabi/lib/thumb/v7e-m/fpv4-sp/hard\libc_nano.a(lib_a-malloc.o)
 .ARM.attributes
                0x00000000000007f0       0x34 c:/st/stm32cubeide_1.5.0/stm32cubeide/plugins/com.st.stm32cube.ide.mcu.externaltools.gnu-tools-for-stm32.7-2018-q2-update.win32_1.5.0.202011040924/tools/bin/../lib/gcc/arm-none-eabi/7.3.1/../../../../arm-none-eabi/lib/thumb/v7e-m/fpv4-sp/hard\libc_nano.a(lib_a-memset.o)
 .ARM.attributes
                0x0000000000000824       0x34 c:/st/stm32cubeide_1.5.0/stm32cubeide/plugins/com.st.stm32cube.ide.mcu.externaltools.gnu-tools-for-stm32.7-2018-q2-update.win32_1.5.0.202011040924/tools/bin/../lib/gcc/arm-none-eabi/7.3.1/../../../../arm-none-eabi/lib/thumb/v7e-m/fpv4-sp/hard\libc_nano.a(lib_a-nano-freer.o)
 .ARM.attributes
                0x0000000000000858       0x34 c:/st/stm32cubeide_1.5.0/stm32cubeide/plugins/com.st.stm32cube.ide.mcu.externaltools.gnu-tools-for-stm32.7-2018-q2-update.win32_1.5.0.202011040924/tools/bin/../lib/gcc/arm-none-eabi/7.3.1/../../../../arm-none-eabi/lib/thumb/v7e-m/fpv4-sp/hard\libc_nano.a(lib_a-nano-mallocr.o)
 .ARM.attributes
                0x000000000000088c       0x34 c:/st/stm32cubeide_1.5.0/stm32cubeide/plugins/com.st.stm32cube.ide.mcu.externaltools.gnu-tools-for-stm32.7-2018-q2-update.win32_1.5.0.202011040924/tools/bin/../lib/gcc/arm-none-eabi/7.3.1/../../../../arm-none-eabi/lib/thumb/v7e-m/fpv4-sp/hard\libc_nano.a(lib_a-sbrkr.o)
 .ARM.attributes
                0x00000000000008c0       0x34 c:/st/stm32cubeide_1.5.0/stm32cubeide/plugins/com.st.stm32cube.ide.mcu.externaltools.gnu-tools-for-stm32.7-2018-q2-update.win32_1.5.0.202011040924/tools/bin/../lib/gcc/arm-none-eabi/7.3.1/../../../../arm-none-eabi/lib/thumb/v7e-m/fpv4-sp/hard\libc_nano.a(lib_a-sprintf.o)
 .ARM.attributes
                0x00000000000008f4       0x34 c:/st/stm32cubeide_1.5.0/stm32cubeide/plugins/com.st.stm32cube.ide.mcu.externaltools.gnu-tools-for-stm32.7-2018-q2-update.win32_1.5.0.202011040924/tools/bin/../lib/gcc/arm-none-eabi/7.3.1/../../../../arm-none-eabi/lib/thumb/v7e-m/fpv4-sp/hard\libc_nano.a(lib_a-strtol.o)
 .ARM.attributes
                0x0000000000000928       0x34 c:/st/stm32cubeide_1.5.0/stm32cubeide/plugins/com.st.stm32cube.ide.mcu.externaltools.gnu-tools-for-stm32.7-2018-q2-update.win32_1.5.0.202011040924/tools/bin/../lib/gcc/arm-none-eabi/7.3.1/../../../../arm-none-eabi/lib/thumb/v7e-m/fpv4-sp/hard\libc_nano.a(lib_a-locale.o)
 .ARM.attributes
                0x000000000000095c       0x34 c:/st/stm32cubeide_1.5.0/stm32cubeide/plugins/com.st.stm32cube.ide.mcu.externaltools.gnu-tools-for-stm32.7-2018-q2-update.win32_1.5.0.202011040924/tools/bin/../lib/gcc/arm-none-eabi/7.3.1/../../../../arm-none-eabi/lib/thumb/v7e-m/fpv4-sp/hard\libc_nano.a(lib_a-mbtowc_r.o)
 .ARM.attributes
                0x0000000000000990       0x34 c:/st/stm32cubeide_1.5.0/stm32cubeide/plugins/com.st.stm32cube.ide.mcu.externaltools.gnu-tools-for-stm32.7-2018-q2-update.win32_1.5.0.202011040924/tools/bin/../lib/gcc/arm-none-eabi/7.3.1/../../../../arm-none-eabi/lib/thumb/v7e-m/fpv4-sp/hard\libc_nano.a(lib_a-mlock.o)
 .ARM.attributes
                0x00000000000009c4       0x34 c:/st/stm32cubeide_1.5.0/stm32cubeide/plugins/com.st.stm32cube.ide.mcu.externaltools.gnu-tools-for-stm32.7-2018-q2-update.win32_1.5.0.202011040924/tools/bin/../lib/gcc/arm-none-eabi/7.3.1/../../../../arm-none-eabi/lib/thumb/v7e-m/fpv4-sp/hard\libc_nano.a(lib_a-nano-svfprintf.o)
 .ARM.attributes
                0x00000000000009f8       0x34 c:/st/stm32cubeide_1.5.0/stm32cubeide/plugins/com.st.stm32cube.ide.mcu.externaltools.gnu-tools-for-stm32.7-2018-q2-update.win32_1.5.0.202011040924/tools/bin/../lib/gcc/arm-none-eabi/7.3.1/../../../../arm-none-eabi/lib/thumb/v7e-m/fpv4-sp/hard\libc_nano.a(lib_a-nano-vfprintf_i.o)
 .ARM.attributes
                0x0000000000000a2c       0x34 c:/st/stm32cubeide_1.5.0/stm32cubeide/plugins/com.st.stm32cube.ide.mcu.externaltools.gnu-tools-for-stm32.7-2018-q2-update.win32_1.5.0.202011040924/tools/bin/../lib/gcc/arm-none-eabi/7.3.1/../../../../arm-none-eabi/lib/thumb/v7e-m/fpv4-sp/hard\libc_nano.a(lib_a-reent.o)
 .ARM.attributes
                0x0000000000000a60       0x34 c:/st/stm32cubeide_1.5.0/stm32cubeide/plugins/com.st.stm32cube.ide.mcu.externaltools.gnu-tools-for-stm32.7-2018-q2-update.win32_1.5.0.202011040924/tools/bin/../lib/gcc/arm-none-eabi/7.3.1/../../../../arm-none-eabi/lib/thumb/v7e-m/fpv4-sp/hard\libc_nano.a(lib_a-wctomb_r.o)
 .ARM.attributes
                0x0000000000000a94       0x34 c:/st/stm32cubeide_1.5.0/stm32cubeide/plugins/com.st.stm32cube.ide.mcu.externaltools.gnu-tools-for-stm32.7-2018-q2-update.win32_1.5.0.202011040924/tools/bin/../lib/gcc/arm-none-eabi/7.3.1/../../../../arm-none-eabi/lib/thumb/v7e-m/fpv4-sp/hard\libc_nano.a(lib_a-ctype_.o)
 .ARM.attributes