21:29:40 **** Incremental Build of configuration Debug for project STM32F407VG ****
make -j4 all 
arm-none-eabi-gcc "../Core/Src/main.c" -mcpu=cortex-m4 -std=gnu11 -g3 -DUSE_HAL_DRIVER -DDEBUG -DSTM32F407xx -c -I../USB_HOST/App -I../USB_HOST/Target -I../Core/Inc -I../Drivers/STM32F4xx_HAL_Driver/Inc -I../Drivers/STM32F4xx_HAL_Driver/Inc/Legacy -I../Middlewares/ST/STM32_USB_Host_Library/Core/Inc -I../Middlewares/ST/STM32_USB_Host_Library/Class/CDC/Inc -I../Drivers/CMSIS/Device/ST/STM32F4xx/Include -I../Drivers/CMSIS/Include -O0 -ffunction-sections -fdata-sections -Wall -fstack-usage -MMD -MP -MF"Core/Src/main.d" -MT"Core/Src/main.o" --specs=nano.specs -mfpu=fpv4-sp-d16 -mfloat-abi=hard -mthumb -o "Core/Src/main.o"
../Core/Src/main.c: In function 'main':
../Core/Src/main.c:145:29: warning: passing argument 2 of 'HAL_ADC_Start_DMA' from incompatible pointer type [-Wincompatible-pointer-types]
   HAL_ADC_Start_DMA(&hadc1, ADC_Data, 3);
                             ^~~~~~~~
In file included from ../Core/Inc/stm32f4xx_hal_conf.h:292:0,
                 from ../Drivers/STM32F4xx_HAL_Driver/Inc/stm32f4xx_hal.h:30,
                 from ../Core/Inc/main.h:31,
                 from ../Core/Src/main.c:21:
../Drivers/STM32F4xx_HAL_Driver/Inc/stm32f4xx_hal_adc.h:592:19: note: expected 'uint32_t * {aka long unsigned int *}' but argument is of type 'uint16_t * {aka short unsigned int *}'
 HAL_StatusTypeDef HAL_ADC_Start_DMA(ADC_HandleTypeDef* hadc, uint32_t* pData, uint32_t Length);
                   ^~~~~~~~~~~~~~~~~
../Core/Src/main.c:146:47: warning: passing argument 3 of 'HAL_TIM_PWM_Start_DMA' from incompatible pointer type [-Wincompatible-pointer-types]
   HAL_TIM_PWM_Start_DMA(&htim4,TIM_CHANNEL_2, &Duty, 1);
                                               ^
In file included from ../Core/Inc/stm32f4xx_hal_conf.h:400:0,
                 from ../Drivers/STM32F4xx_HAL_Driver/Inc/stm32f4xx_hal.h:30,
                 from ../Core/Inc/main.h:31,
                 from ../Core/Src/main.c:21:
../Drivers/STM32F4xx_HAL_Driver/Inc/stm32f4xx_hal_tim.h:1835:19: note: expected 'uint32_t * {aka long unsigned int *}' but argument is of type 'uint8_t * {aka unsigned char *}'
 HAL_StatusTypeDef HAL_TIM_PWM_Start_DMA(TIM_HandleTypeDef *htim, uint32_t Channel, uint32_t *pData, uint16_t Length);
                   ^~~~~~~~~~~~~~~~~~~~~
../Core/Src/main.c:191:20: warning: pointer targets in passing argument 1 of 'sprintf' differ in signedness [-Wpointer-sign]
     size = sprintf(data, "c%db%dll%ds%d\n\r",charging,battery,balance_level,servo); // Stworzenie wiadomosci do wyslania
                    ^~~~
In file included from ../Core/Src/main.c:26:0:
c:\st\stm32cubeide_1.5.0\stm32cubeide\plugins\com.st.stm32cube.ide.mcu.externaltools.gnu-tools-for-stm32.7-2018-q2-update.win32_1.5.0.202011040924\tools\arm-none-eabi\include\stdio.h:244:5: note: expected 'char * restrict' but argument is of type 'uint8_t * {aka unsigned char *}'
 int sprintf (char *__restrict, const char *__restrict, ...)
     ^~~~~~~
../Core/Src/main.c:208:10: warning: implicit declaration of function 'atoi' [-Wimplicit-function-declaration]
    servo=atoi(&Received_data);//if servo data was received, example s4
          ^~~~
../Core/Src/main.c:224:19: warning: pointer targets in passing argument 1 of 'sprintf' differ in signedness [-Wpointer-sign]
    size = sprintf(data, "c%db%dll%ds%d\n\r",charging,battery,balance_level,servo); //feedback message  with extra servo data (updated)
                   ^~~~
In file included from ../Core/Src/main.c:26:0:
c:\st\stm32cubeide_1.5.0\stm32cubeide\plugins\com.st.stm32cube.ide.mcu.externaltools.gnu-tools-for-stm32.7-2018-q2-update.win32_1.5.0.202011040924\tools\arm-none-eabi\include\stdio.h:244:5: note: expected 'char * restrict' but argument is of type 'uint8_t * {aka unsigned char *}'
 int sprintf (char *__restrict, const char *__restrict, ...)
     ^~~~~~~
../Core/Src/main.c:232:9: warning: implicit declaration of function 'abs' [-Wimplicit-function-declaration]
      if(abs(ADC_Data[1]-neutral_pos)>50)
         ^~~
arm-none-eabi-gcc -o "STM32F407VG.elf" @"objects.list"   -mcpu=cortex-m4 -T"C:\Users\ASUS\Desktop\SMp-projekt\iot-solar-driver\STM32F407VG\STM32F407VGTX_FLASH.ld" --specs=nosys.specs -Wl,-Map="STM32F407VG.map" -Wl,--gc-sections -static --specs=nano.specs -mfpu=fpv4-sp-d16 -mfloat-abi=hard -mthumb -Wl,--start-group -lc -lm -Wl,--end-group
Finished building target: STM32F407VG.elf
 
arm-none-eabi-objdump -h -S  STM32F407VG.elf  > "STM32F407VG.list"
arm-none-eabi-objcopy  -O binary  STM32F407VG.elf  "STM32F407VG.bin"
arm-none-eabi-size   STM32F407VG.elf 
   text	   data	    bss	    dec	    hex	filename
  47676	    516	   4124	  52316	   cc5c	STM32F407VG.elf
Finished building: default.size.stdout
 
Finished building: STM32F407VG.bin
 
Finished building: STM32F407VG.list
 

21:29:42 Build Finished. 0 errors, 6 warnings. (took 1s.989ms)

